Archive member included to satisfy reference by file (symbol)

app/libapp.a(main.c.obj)      (--whole-archive)
zephyr/libzephyr.a(cbprintf_packaged.c.obj)
                              (--whole-archive)
zephyr/libzephyr.a(dec.c.obj)
                              (--whole-archive)
zephyr/libzephyr.a(fdtable.c.obj)
                              (--whole-archive)
zephyr/libzephyr.a(hex.c.obj)
                              (--whole-archive)
zephyr/libzephyr.a(printk.c.obj)
                              (--whole-archive)
zephyr/libzephyr.a(rb.c.obj)  (--whole-archive)
zephyr/libzephyr.a(sem.c.obj)
                              (--whole-archive)
zephyr/libzephyr.a(thread_entry.c.obj)
                              (--whole-archive)
zephyr/libzephyr.a(timeutil.c.obj)
                              (--whole-archive)
zephyr/libzephyr.a(heap.c.obj)
                              (--whole-archive)
zephyr/libzephyr.a(heap-validate.c.obj)
                              (--whole-archive)
zephyr/libzephyr.a(bitarray.c.obj)
                              (--whole-archive)
zephyr/libzephyr.a(multi_heap.c.obj)
                              (--whole-archive)
zephyr/libzephyr.a(onoff.c.obj)
                              (--whole-archive)
zephyr/libzephyr.a(notify.c.obj)
                              (--whole-archive)
zephyr/libzephyr.a(cbprintf_complete.c.obj)
                              (--whole-archive)
zephyr/libzephyr.a(assert.c.obj)
                              (--whole-archive)
zephyr/libzephyr.a(mpsc_pbuf.c.obj)
                              (--whole-archive)
zephyr/libzephyr.a(reboot.c.obj)
                              (--whole-archive)
zephyr/libzephyr.a(configs.c.obj)
                              (--whole-archive)
zephyr/libzephyr.a(soc_nrf_common.S.obj)
                              (--whole-archive)
zephyr/libzephyr.a(validate_base_addresses.c.obj)
                              (--whole-archive)
zephyr/libzephyr.a(validate_enabled_instances.c.obj)
                              (--whole-archive)
zephyr/libzephyr.a(log_core.c.obj)
                              (--whole-archive)
zephyr/libzephyr.a(log_mgmt.c.obj)
                              (--whole-archive)
zephyr/libzephyr.a(log_cache.c.obj)
                              (--whole-archive)
zephyr/libzephyr.a(log_msg.c.obj)
                              (--whole-archive)
zephyr/libzephyr.a(log_output.c.obj)
                              (--whole-archive)
zephyr/libzephyr.a(log_backend_rtt.c.obj)
                              (--whole-archive)
zephyr/libzephyr.a(log_backend_uart.c.obj)
                              (--whole-archive)
zephyr/libzephyr.a(flash_map.c.obj)
                              (--whole-archive)
zephyr/libzephyr.a(flash_map_layout.c.obj)
                              (--whole-archive)
zephyr/libzephyr.a(tracing_none.c.obj)
                              (--whole-archive)
zephyr/libzephyr.a(usb_device.c.obj)
                              (--whole-archive)
zephyr/libzephyr.a(usb_descriptor.c.obj)
                              (--whole-archive)
zephyr/libzephyr.a(usb_transfer.c.obj)
                              (--whole-archive)
zephyr/libzephyr.a(msc.c.obj)
                              (--whole-archive)
zephyr/libzephyr.a(disk_access.c.obj)
                              (--whole-archive)
zephyr/libzephyr.a(flash_map_partition_manager.c.obj)
                              (--whole-archive)
zephyr/libzephyr.a(nrf_cc3xx_platform_abort_zephyr.c.obj)
                              (--whole-archive)
zephyr/libzephyr.a(nrf_cc3xx_platform_mutex_zephyr.c.obj)
                              (--whole-archive)
zephyr/arch/common/libarch__common.a(sw_isr_common.c.obj)
                              (--whole-archive)
zephyr/arch/arch/arm/core/aarch32/libarch__arm__core__aarch32.a(cpu_idle.S.obj)
                              (--whole-archive)
zephyr/arch/arch/arm/core/aarch32/libarch__arm__core__aarch32.a(fatal.c.obj)
                              (--whole-archive)
zephyr/arch/arch/arm/core/aarch32/libarch__arm__core__aarch32.a(irq_manage.c.obj)
                              (--whole-archive)
zephyr/arch/arch/arm/core/aarch32/libarch__arm__core__aarch32.a(nmi.c.obj)
                              (--whole-archive)
zephyr/arch/arch/arm/core/aarch32/libarch__arm__core__aarch32.a(nmi_on_reset.S.obj)
                              (--whole-archive)
zephyr/arch/arch/arm/core/aarch32/libarch__arm__core__aarch32.a(prep_c.c.obj)
                              (--whole-archive)
zephyr/arch/arch/arm/core/aarch32/libarch__arm__core__aarch32.a(swap.c.obj)
                              (--whole-archive)
zephyr/arch/arch/arm/core/aarch32/libarch__arm__core__aarch32.a(swap_helper.S.obj)
                              (--whole-archive)
zephyr/arch/arch/arm/core/aarch32/libarch__arm__core__aarch32.a(thread.c.obj)
                              (--whole-archive)
zephyr/arch/arch/arm/core/aarch32/libarch__arm__core__aarch32.a(isr_wrapper.S.obj)
[...]
Memory Configuration

Name             Origin             Length             Attributes
FLASH            0x0000000000000000 0x0000000000100000 xr
RAM              0x0000000020000000 0x0000000000040000 xw
IDT_LIST         0x00000000fffff7ff 0x0000000000000800 xw
*default*        0x0000000000000000 0xffffffffffffffff

Linker script and memory map

                0x000000000000c338                vfprintf = __i_vfprintf
                0x0000000000000000                vfscanf = __i_vfscanf
LOAD zephyr/CMakeFiles/zephyr_final.dir/misc/empty_file.c.obj
LOAD zephyr/CMakeFiles/zephyr_final.dir/isr_tables.c.obj
LOAD app/libapp.a
LOAD zephyr/libzephyr.a
LOAD zephyr/arch/common/libarch__common.a
LOAD zephyr/arch/arch/arm/core/aarch32/libarch__arm__core__aarch32.a
LOAD zephyr/arch/arch/arm/core/aarch32/cortex_m/libarch__arm__core__aarch32__cortex_m.a
LOAD zephyr/arch/arch/arm/core/aarch32/mpu/libarch__arm__core__aarch32__mpu.a
LOAD zephyr/lib/libc/picolibc/liblib__libc__picolibc.a
LOAD zephyr/lib/libc/common/liblib__libc__common.a
LOAD zephyr/soc/soc/arm/common/cortex_m/libsoc__arm__common__cortex_m.a
LOAD zephyr/soc/soc/arm/nordic_nrf/nrf52/libsoc__arm__nordic_nrf__nrf52.a
LOAD zephyr/subsys/fs/libsubsys__fs.a
LOAD zephyr/drivers/disk/libdrivers__disk.a
LOAD zephyr/drivers/usb/device/libdrivers__usb__device.a
LOAD zephyr/drivers/clock_control/libdrivers__clock_control.a
LOAD zephyr/drivers/console/libdrivers__console.a
LOAD zephyr/drivers/flash/libdrivers__flash.a
LOAD zephyr/drivers/gpio/libdrivers__gpio.a
LOAD zephyr/drivers/hwinfo/libdrivers__hwinfo.a
LOAD zephyr/drivers/pinctrl/libdrivers__pinctrl.a
LOAD zephyr/drivers/serial/libdrivers__serial.a
LOAD zephyr/drivers/timer/libdrivers__timer.a
LOAD modules/nrf/lib/fatal_error/lib..__nrf__lib__fatal_error.a
LOAD modules/nrf/drivers/hw_cc310/lib..__nrf__drivers__hw_cc310.a
LOAD modules/fatfs/libmodules__fatfs.a
LOAD modules/hal_nordic/nrfx/libmodules__hal_nordic__nrfx.a
LOAD modules/segger/libmodules__segger.a
LOAD zephyr/kernel/libkernel.a
LOAD zephyr/CMakeFiles/offsets.dir/./arch/arm/core/offsets/offsets.c.obj
LOAD c:/ncs/toolchains/c57af46cb7/opt/zephyr-sdk/arm-zephyr-eabi/bin/../lib/gcc/arm-zephyr-eabi/12.2.0/thumb/v7e-m/nofp\libgcc.a
LOAD zephyr/arch/common/libisr_tables.a
LOAD C:/ncs/v2.5.0/nrfxlib/crypto/nrf_cc310_platform/lib/cortex-m4/soft-float/no-interrupts/libnrf_cc310_platform_0.9.18.a
LOAD c:\ncs\toolchains\c57af46cb7\opt\zephyr-sdk\arm-zephyr-eabi\bin\../lib/gcc/../../picolibc/arm-zephyr-eabi/lib/thumb/v7e-m/nofp\libc.a
LOAD c:/ncs/toolchains/c57af46cb7/opt/zephyr-sdk/arm-zephyr-eabi/bin/../lib/gcc/arm-zephyr-eabi/12.2.0/thumb/v7e-m/nofp\libgcc.a
                0x0000000000000020                _region_min_align = 0x20

.rel.plt        0x0000000000000000        0x0
 *(SORT_BY_ALIGNMENT(.rel.plt))
                [!provide]                        PROVIDE (__rel_iplt_start = .)
 *(SORT_BY_ALIGNMENT(.rel.iplt))
 .rel.iplt      0x0000000000000000        0x0 zephyr/CMakeFiles/zephyr_final.dir/isr_tables.c.obj
                [!provide]                        PROVIDE (__rel_iplt_end = .)

.rela.plt       0x0000000000000000        0x0
 *(SORT_BY_ALIGNMENT(.rela.plt))
                [!provide]                        PROVIDE (__rela_iplt_start = .)
 *(SORT_BY_ALIGNMENT(.rela.iplt))
                [!provide]                        PROVIDE (__rela_iplt_end = .)

.rel.dyn
 *(SORT_BY_ALIGNMENT(.rel.*))

.rela.dyn
 *(SORT_BY_ALIGNMENT(.rela.*))

/DISCARD/
 *(SORT_BY_ALIGNMENT(.plt))

/DISCARD/
 *(SORT_BY_ALIGNMENT(.iplt))
                0x0000000000000000                __rom_region_start = 0x0

rom_start       0x0000000000000000      0x100
                0x0000000000000000                __rom_start_address = .
                0x0000000000000000                . = (. + (0x0 - (. - __rom_start_address)))
                0x0000000000000000                . = ALIGN (0x4)
                0x0000000000000000                . = ALIGN (0x80)
                0x0000000000000000                . = ALIGN (0x100)
                0x0000000000000000                _vector_start = .
 *(SORT_BY_ALIGNMENT(.exc_vector_table))
 *(SORT_BY_ALIGNMENT(.exc_vector_table.*))
 .exc_vector_table._vector_table_section
                0x0000000000000000       0x40 zephyr/arch/arch/arm/core/aarch32/cortex_m/libarch__arm__core__aarch32__cortex_m.a(vector_table.S.obj)
                0x0000000000000000                _vector_table
 *(SORT_BY_ALIGNMENT(.vectors))
                0x0000000000000100                _vector_end = .
                0x0000000000000040                . = ALIGN (0x4)
 *(SORT_BY_ALIGNMENT(.gnu.linkonce.irq_vector_table*))
 .gnu.linkonce.irq_vector_table
                0x0000000000000040       0xc0 zephyr/CMakeFiles/zephyr_final.dir/isr_tables.c.obj
                0x0000000000000040                _irq_vector_table
                0x0000000000000100                _vector_end = .

text            0x0000000000000100     0xfde0
                0x0000000000000100                __text_region_start = .
 *(SORT_BY_ALIGNMENT(.text))
 .text          0x0000000000000100       0x30 c:/ncs/toolchains/c57af46cb7/opt/zephyr-sdk/arm-zephyr-eabi/bin/../lib/gcc/arm-zephyr-eabi/12.2.0/thumb/v7e-m/nofp\libgcc.a(_aeabi_uldivmod.o)
                0x0000000000000100                __aeabi_uldivmod
 .text          0x0000000000000130        0x4 c:/ncs/toolchains/c57af46cb7/opt/zephyr-sdk/arm-zephyr-eabi/bin/../lib/gcc/arm-zephyr-eabi/12.2.0/thumb/v7e-m/nofp\libgcc.a(_dvmd_tls.o)
                0x0000000000000130                __aeabi_idiv0
                0x0000000000000130                __aeabi_ldiv0
 .text          0x0000000000000134      0x2a0 c:/ncs/toolchains/c57af46cb7/opt/zephyr-sdk/arm-zephyr-eabi/bin/../lib/gcc/arm-zephyr-eabi/12.2.0/thumb/v7e-m/nofp\libgcc.a(_udivmoddi4.o)
                0x0000000000000134                __udivmoddi4
 .text          0x00000000000003d4       0x14 c:\ncs\toolchains\c57af46cb7\opt\zephyr-sdk\arm-zephyr-eabi\bin\../lib/gcc/../../picolibc/arm-zephyr-eabi/lib/thumb/v7e-m/nofp\libc.a(strcmp.S.o)
                0x00000000000003d4                strcmp
 .text          0x00000000000003e8       0x10 c:\ncs\toolchains\c57af46cb7\opt\zephyr-sdk\arm-zephyr-eabi\bin\../lib/gcc/../../picolibc/arm-zephyr-eabi/lib/thumb/v7e-m/nofp\libc.a(strcpy.S.o)
                0x00000000000003e8                strcpy
 .text          0x00000000000003f8       0x10 c:\ncs\toolchains\c57af46cb7\opt\zephyr-sdk\arm-zephyr-eabi\bin\../lib/gcc/../../picolibc/arm-zephyr-eabi/lib/thumb/v7e-m/nofp\libc.a(strlen.S.o)
                0x00000000000003f8                strlen
 *(SORT_BY_ALIGNMENT(.text.*))
 .text.main     0x0000000000000408      0x198 app/libapp.a(main.c.obj)
                0x0000000000000408                main
 .text.cbvprintf_package
                0x00000000000005a0      0x3a4 zephyr/libzephyr.a(cbprintf_packaged.c.obj)
                0x00000000000005a0                cbvprintf_package
 .text.cbprintf_package_convert
                0x0000000000000944      0x3b0 zephyr/libzephyr.a(cbprintf_packaged.c.obj)
                0x0000000000000944                cbprintf_package_convert
 .text.__printk_hook_install
                0x0000000000000cf4        0xc zephyr/libzephyr.a(printk.c.obj)
                0x0000000000000cf4                __printk_hook_install
 .text.z_thread_entry
                0x0000000000000d00       0x34 zephyr/libzephyr.a(thread_entry.c.obj)
                0x0000000000000d00                z_thread_entry
 .text.process_event
                0x0000000000000d34      0x21c zephyr/libzephyr.a(onoff.c.obj)
 .text.sys_reboot
                0x0000000000000f50       0x30 zephyr/libzephyr.a(reboot.c.obj)
                0x0000000000000f50                sys_reboot
 .text.z_arm_platform_init
                0x0000000000000f80        0x4 zephyr/libzephyr.a(soc_nrf_common.S.obj)
                0x0000000000000f80                z_arm_platform_init
 .text.activate_foreach_backend
                0x0000000000000f84       0x64 zephyr/libzephyr.a(log_core.c.obj)
 .text.enable_logger
                0x0000000000000fe8       0x5c zephyr/libzephyr.a(log_core.c.obj)
 .text.log_process_thread_timer_expiry_fn
                0x0000000000001044        0xc zephyr/libzephyr.a(log_core.c.obj)
 .text.z_log_init
                0x0000000000001050       0x90 zephyr/libzephyr.a(log_core.c.obj)
 .text.log_format_func_t_get
                0x00000000000010e0        0xc zephyr/libzephyr.a(log_core.c.obj)
                0x00000000000010e0                log_format_func_t_get
 .text.log_set_timestamp_func
                0x00000000000010ec       0x20 zephyr/libzephyr.a(log_core.c.obj)
                0x00000000000010ec                log_set_timestamp_func
 .text.z_log_notify_backend_enabled
                0x000000000000110c       0x1c zephyr/libzephyr.a(log_core.c.obj)
                0x000000000000110c                z_log_notify_backend_enabled
 .text.z_log_dropped
                0x0000000000001128       0x30 zephyr/libzephyr.a(log_core.c.obj)
                0x0000000000001128                z_log_dropped
 .text.z_log_dropped_read_and_clear
                0x0000000000001158       0x20 zephyr/libzephyr.a(log_core.c.obj)
                0x0000000000001158                z_log_dropped_read_and_clear
 .text.dropped_notify
                0x0000000000001178       0x30 zephyr/libzephyr.a(log_core.c.obj)
                0x0000000000001178                dropped_notify
 .text.z_log_msg_init
                0x00000000000011a8       0x20 zephyr/libzephyr.a(log_core.c.obj)
                0x00000000000011a8                z_log_msg_init
 .text.log_core_init
                0x00000000000011c8       0x34 zephyr/libzephyr.a(log_core.c.obj)
                0x00000000000011c8                log_core_init
 .text.z_log_msg_alloc
                0x00000000000011fc       0x10 zephyr/libzephyr.a(log_core.c.obj)
                0x00000000000011fc                z_log_msg_alloc
 .text.z_log_msg_local_claim
                0x000000000000120c        0xc zephyr/libzephyr.a(log_core.c.obj)
                0x000000000000120c                z_log_msg_local_claim
 .text.z_log_msg_free
                0x0000000000001218       0x10 zephyr/libzephyr.a(log_core.c.obj)
                0x0000000000001218                z_log_msg_free
 .text.z_log_msg_pending
                0x0000000000001228        0xc zephyr/libzephyr.a(log_core.c.obj)
                0x0000000000001228                z_log_msg_pending
 .text.z_impl_log_process
                0x0000000000001234       0xbc zephyr/libzephyr.a(log_core.c.obj)
                0x0000000000001234                z_impl_log_process
 .text.z_impl_log_panic
                0x00000000000012f0       0x44 zephyr/libzephyr.a(log_core.c.obj)
                0x00000000000012f0                z_impl_log_panic
 .text.log_process_thread_func
                0x0000000000001334       0xa4 zephyr/libzephyr.a(log_core.c.obj)
 .text.z_log_msg_post_finalize
                0x00000000000013d8       0x78 zephyr/libzephyr.a(log_core.c.obj)
 .text.z_log_msg_commit
                0x0000000000001450       0x24 zephyr/libzephyr.a(log_core.c.obj)
                0x0000000000001450                z_log_msg_commit
 .text.log_source_name_get
                0x0000000000001474       0x1c zephyr/libzephyr.a(log_mgmt.c.obj)
                0x0000000000001474                log_source_name_get
 .text.log_backend_enable
                0x0000000000001490       0x28 zephyr/libzephyr.a(log_mgmt.c.obj)
                0x0000000000001490                log_backend_enable
 .text.z_impl_z_log_msg_static_create
                0x00000000000014b8      0x108 zephyr/libzephyr.a(log_msg.c.obj)
                0x00000000000014b8                z_impl_z_log_msg_static_create
 .text.z_impl_z_log_msg_runtime_vcreate
                0x00000000000015c0       0x8c zephyr/libzephyr.a(log_msg.c.obj)
                0x00000000000015c0                z_impl_z_log_msg_runtime_vcreate
 .text.print_formatted
                0x000000000000164c       0x24 zephyr/libzephyr.a(log_output.c.obj)
 .text.newline_print
                0x0000000000001670       0x1c zephyr/libzephyr.a(log_output.c.obj)
 .text.log_output_process
                0x000000000000168c      0x2a8 zephyr/libzephyr.a(log_output.c.obj)
                0x000000000000168c                log_output_process
 .text.log_output_msg_process
                0x0000000000001934       0x70 zephyr/libzephyr.a(log_output.c.obj)
                0x0000000000001934                log_output_msg_process
 .text.log_output_dropped_process
                0x00000000000019a4       0x58 zephyr/libzephyr.a(log_output.c.obj)
                0x00000000000019a4                log_output_dropped_process
 .text.log_output_timestamp_freq_set
                0x00000000000019fc       0x2c zephyr/libzephyr.a(log_output.c.obj)
                0x00000000000019fc                log_output_timestamp_freq_set
 .text.log_backend_rtt_init
                0x0000000000001a28        0xc zephyr/libzephyr.a(log_backend_rtt.c.obj)
 .text.format_set
                0x0000000000001a34        0xc zephyr/libzephyr.a(log_backend_rtt.c.obj)
 .text.panic    0x0000000000001a40       0x14 zephyr/libzephyr.a(log_backend_rtt.c.obj)
 .text.dropped  0x0000000000001a54        0xc zephyr/libzephyr.a(log_backend_rtt.c.obj)
 .text.process  0x0000000000001a60       0x24 zephyr/libzephyr.a(log_backend_rtt.c.obj)
 .text.on_failed_write
                0x0000000000001a84       0x28 zephyr/libzephyr.a(log_backend_rtt.c.obj)
 .text.data_out_block_mode
                0x0000000000001aac       0x84 zephyr/libzephyr.a(log_backend_rtt.c.obj)
 .text.format_set
                0x0000000000001b30        0xc zephyr/libzephyr.a(log_backend_uart.c.obj)
 .text.panic    0x0000000000001b3c       0x14 zephyr/libzephyr.a(log_backend_uart.c.obj)
 .text.dropped  0x0000000000001b50        0xc zephyr/libzephyr.a(log_backend_uart.c.obj)
 .text.process  0x0000000000001b5c       0x24 zephyr/libzephyr.a(log_backend_uart.c.obj)
 .text.char_out
                0x0000000000001b80       0x24 zephyr/libzephyr.a(log_backend_uart.c.obj)
 .text.flash_area_open
                0x0000000000001ba4       0x50 zephyr/libzephyr.a(flash_map.c.obj)
                0x0000000000001ba4                flash_area_open
 .text.class_handler
                0x0000000000001bf4       0x40 zephyr/libzephyr.a(usb_device.c.obj)
 .text.custom_handler
                0x0000000000001c34       0x60 zephyr/libzephyr.a(usb_device.c.obj)
 .text.vendor_handler
                0x0000000000001c94       0x3c zephyr/libzephyr.a(usb_device.c.obj)
 .text.usb_reset_alt_setting
                0x0000000000001cd0       0x10 zephyr/libzephyr.a(usb_device.c.obj)
 .text.is_ep_valid.part.0
                0x0000000000001ce0       0x38 zephyr/libzephyr.a(usb_device.c.obj)
 .text.usb_handle_request.constprop.0
                0x0000000000001d18       0x2c zephyr/libzephyr.a(usb_device.c.obj)
 .text.usb_halt_endpoint_req.isra.0
                0x0000000000001d44       0x50 zephyr/libzephyr.a(usb_device.c.obj)
 .text.get_ep_bm_from_addr.part.0
                0x0000000000001d94       0x30 zephyr/libzephyr.a(usb_device.c.obj)
 .text.forward_status_cb
                0x0000000000001dc4       0xb0 zephyr/libzephyr.a(usb_device.c.obj)
 .text.disable_endpoint
                0x0000000000001e74       0x60 zephyr/libzephyr.a(usb_device.c.obj)
 .text.set_endpoint
                0x0000000000001ed4       0xc0 zephyr/libzephyr.a(usb_device.c.obj)
 .text.usb_handle_standard_request
                0x0000000000001f94      0x2ec zephyr/libzephyr.a(usb_device.c.obj)
 .text.usb_device_init.part.0
                0x0000000000002280       0x2c zephyr/libzephyr.a(usb_device.c.obj)
 .text.usb_data_to_host
                0x00000000000022ac       0x60 zephyr/libzephyr.a(usb_device.c.obj)
 .text.usb_handle_control_transfer
                0x000000000000230c      0x104 zephyr/libzephyr.a(usb_device.c.obj)
 .text.usb_set_config
                0x0000000000002410       0x2c zephyr/libzephyr.a(usb_device.c.obj)
                0x0000000000002410                usb_set_config
 .text.usb_device_init
                0x000000000000243c       0x2c zephyr/libzephyr.a(usb_device.c.obj)
 .text.usb_enable
                0x0000000000002468      0x140 zephyr/libzephyr.a(usb_device.c.obj)
                0x0000000000002468                usb_enable
 .text.usb_update_sn_string_descriptor
                0x00000000000025a8       0x88 zephyr/libzephyr.a(usb_descriptor.c.obj)
                0x00000000000025a8                usb_update_sn_string_descriptor
 .text.usb_get_device_descriptor
                0x0000000000002630      0x270 zephyr/libzephyr.a(usb_descriptor.c.obj)
                0x0000000000002630                usb_get_device_descriptor
 .text.usb_ep_get_transfer
                0x00000000000028a0       0x2c zephyr/libzephyr.a(usb_transfer.c.obj)
 .text.usb_transfer_work
                0x00000000000028cc      0x158 zephyr/libzephyr.a(usb_transfer.c.obj)
 .text.usb_cancel_transfer
                0x0000000000002a24       0x3c zephyr/libzephyr.a(usb_transfer.c.obj)
                0x0000000000002a24                usb_cancel_transfer
 .text.usb_cancel_transfers
                0x0000000000002a60       0x48 zephyr/libzephyr.a(usb_transfer.c.obj)
                0x0000000000002a60                usb_cancel_transfers
 .text.usb_transfer_init
                0x0000000000002aa8       0x34 zephyr/libzephyr.a(usb_transfer.c.obj)
                0x0000000000002aa8                usb_transfer_init
 .text.mass_interface_config
                0x0000000000002adc        0xc zephyr/libzephyr.a(msc.c.obj)
 .text.msd_init
                0x0000000000002ae8       0x4c zephyr/libzephyr.a(msc.c.obj)
 .text.mass_storage_status_cb
                0x0000000000002b34       0x14 zephyr/libzephyr.a(msc.c.obj)
 .text.mass_storage_class_handle_req
                0x0000000000002b48       0x78 zephyr/libzephyr.a(msc.c.obj)
 .text.sendCSW  0x0000000000002bc0       0x54 zephyr/libzephyr.a(msc.c.obj)
 .text.fail     0x0000000000002c14       0x34 zephyr/libzephyr.a(msc.c.obj)
 .text.check_cbw_data_length
                0x0000000000002c48       0x20 zephyr/libzephyr.a(msc.c.obj)
 .text.thread_memory_read_done
                0x0000000000002c68       0xcc zephyr/libzephyr.a(msc.c.obj)
 .text.mass_storage_init
                0x0000000000002d34       0xcc zephyr/libzephyr.a(msc.c.obj)
 .text.mass_thread_main
                0x0000000000002e00      0x1a4 zephyr/libzephyr.a(msc.c.obj)
 .text.write.part.0.isra.0
                0x0000000000002fa4       0x24 zephyr/libzephyr.a(msc.c.obj)
 .text.write.isra.0
                0x0000000000002fc8       0x48 zephyr/libzephyr.a(msc.c.obj)
 .text.memoryRead
                0x0000000000003010       0x3c zephyr/libzephyr.a(msc.c.obj)
 .text.mass_storage_bulk_in.part.0
                0x000000000000304c       0x40 zephyr/libzephyr.a(msc.c.obj)
 .text.mass_storage_bulk_in
                0x000000000000308c       0x38 zephyr/libzephyr.a(msc.c.obj)
 .text.infoTransfer
                0x00000000000030c4       0xa0 zephyr/libzephyr.a(msc.c.obj)
 .text.mass_storage_bulk_out
                0x0000000000003164      0x43c zephyr/libzephyr.a(msc.c.obj)
 .text.disk_access_get_di
                0x00000000000035a0       0x64 zephyr/libzephyr.a(disk_access.c.obj)
                0x00000000000035a0                disk_access_get_di
 .text.disk_access_register
                0x0000000000003604       0x70 zephyr/libzephyr.a(disk_access.c.obj)
                0x0000000000003604                disk_access_register
 .text.nrf_cc3xx_platform_abort_init
                0x0000000000003674        0xc zephyr/libzephyr.a(nrf_cc3xx_platform_abort_zephyr.c.obj)
                0x0000000000003674                nrf_cc3xx_platform_abort_init
 .text.mutex_free_platform
                0x0000000000003680       0x54 zephyr/libzephyr.a(nrf_cc3xx_platform_mutex_zephyr.c.obj)
 .text.mutex_lock_platform
                0x00000000000036d4       0x60 zephyr/libzephyr.a(nrf_cc3xx_platform_mutex_zephyr.c.obj)
 .text.mutex_unlock_platform
                0x0000000000003734       0x58 zephyr/libzephyr.a(nrf_cc3xx_platform_mutex_zephyr.c.obj)
 .text.mutex_init_platform
                0x000000000000378c       0x94 zephyr/libzephyr.a(nrf_cc3xx_platform_mutex_zephyr.c.obj)
 .text.nrf_cc3xx_platform_mutex_init
                0x0000000000003820       0x2c zephyr/libzephyr.a(nrf_cc3xx_platform_mutex_zephyr.c.obj)
                0x0000000000003820                nrf_cc3xx_platform_mutex_init
 .text.z_arm_cpu_idle_init
                0x000000000000384c        0xc zephyr/arch/arch/arm/core/aarch32/libarch__arm__core__aarch32.a(cpu_idle.S.obj)
                0x000000000000384c                z_arm_cpu_idle_init
 .text.arch_cpu_idle
                0x0000000000003858       0x1c zephyr/arch/arch/arm/core/aarch32/libarch__arm__core__aarch32.a(cpu_idle.S.obj)
                0x0000000000003858                arch_cpu_idle
 .text.arch_cpu_atomic_idle
                0x0000000000003874       0x18 zephyr/arch/arch/arm/core/aarch32/libarch__arm__core__aarch32.a(cpu_idle.S.obj)
                0x0000000000003874                arch_cpu_atomic_idle
 .text.z_arm_fatal_error
                0x000000000000388c       0xcc zephyr/arch/arch/arm/core/aarch32/libarch__arm__core__aarch32.a(fatal.c.obj)
                0x000000000000388c                z_arm_fatal_error
 .text.arch_irq_enable
                0x0000000000003958       0x1c zephyr/arch/arch/arm/core/aarch32/libarch__arm__core__aarch32.a(irq_manage.c.obj)
                0x0000000000003958                arch_irq_enable
 .text.arch_irq_disable
                0x0000000000003974       0x28 zephyr/arch/arch/arm/core/aarch32/libarch__arm__core__aarch32.a(irq_manage.c.obj)
                0x0000000000003974                arch_irq_disable
 .text.arch_irq_is_enabled
                0x000000000000399c       0x1c zephyr/arch/arch/arm/core/aarch32/libarch__arm__core__aarch32.a(irq_manage.c.obj)
                0x000000000000399c                arch_irq_is_enabled
 .text.z_arm_irq_priority_set
                0x00000000000039b8       0x30 zephyr/arch/arch/arm/core/aarch32/libarch__arm__core__aarch32.a(irq_manage.c.obj)
                0x00000000000039b8                z_arm_irq_priority_set
 .text.z_SysNmiOnReset
                0x00000000000039e8        0x8 zephyr/arch/arch/arm/core/aarch32/libarch__arm__core__aarch32.a(nmi_on_reset.S.obj)
                0x00000000000039e8                z_SysNmiOnReset
 .text.z_arm_prep_c
                0x00000000000039f0       0x38 zephyr/arch/arch/arm/core/aarch32/libarch__arm__core__aarch32.a(prep_c.c.obj)
                0x00000000000039f0                z_arm_prep_c
 .text.arch_swap
                0x0000000000003a28       0x34 zephyr/arch/arch/arm/core/aarch32/libarch__arm__core__aarch32.a(swap.c.obj)
                0x0000000000003a28                arch_swap
 .text.z_arm_pendsv
                0x0000000000003a5c       0x64 zephyr/arch/arch/arm/core/aarch32/libarch__arm__core__aarch32.a(swap_helper.S.obj)
                0x0000000000003a5c                z_arm_pendsv
 .text.z_arm_svc
                0x0000000000003ac0       0x20 zephyr/arch/arch/arm/core/aarch32/libarch__arm__core__aarch32.a(swap_helper.S.obj)
                0x0000000000003ac0                z_arm_svc
 .text.arch_new_thread
                0x0000000000003ae0       0x38 zephyr/arch/arch/arm/core/aarch32/libarch__arm__core__aarch32.a(thread.c.obj)
                0x0000000000003ae0                arch_new_thread
 .text.z_check_thread_stack_fail
                0x0000000000003b18       0x2c zephyr/arch/arch/arm/core/aarch32/libarch__arm__core__aarch32.a(thread.c.obj)
                0x0000000000003b18                z_check_thread_stack_fail
 .text.arch_switch_to_main_thread
                0x0000000000003b44       0x38 zephyr/arch/arch/arm/core/aarch32/libarch__arm__core__aarch32.a(thread.c.obj)
                0x0000000000003b44                arch_switch_to_main_thread
 .text._isr_wrapper
                0x0000000000003b7c       0x28 zephyr/arch/arch/arm/core/aarch32/libarch__arm__core__aarch32.a(isr_wrapper.S.obj)
                0x0000000000003b7c                _isr_wrapper
 .text.arch_tls_stack_setup
                0x0000000000003ba4       0x5c zephyr/arch/arch/arm/core/aarch32/libarch__arm__core__aarch32.a(tls.c.obj)
                0x0000000000003ba4                arch_tls_stack_setup
 .text._HandlerModeExit
                0x0000000000003c00       0x1c zephyr/arch/arch/arm/core/aarch32/cortex_m/libarch__arm__core__aarch32__cortex_m.a(exc_exit.S.obj)
                0x0000000000003c00                z_arm_int_exit
                0x0000000000003c00                z_arm_exc_exit
 .text.bus_fault.constprop.0
                0x0000000000003c1c      0x154 zephyr/arch/arch/arm/core/aarch32/cortex_m/libarch__arm__core__aarch32__cortex_m.a(fault.c.obj)
 .text.usage_fault.constprop.0
                0x0000000000003d70      0x104 zephyr/arch/arch/arm/core/aarch32/cortex_m/libarch__arm__core__aarch32__cortex_m.a(fault.c.obj)
 .text.mem_manage_fault
                0x0000000000003e74      0x178 zephyr/arch/arch/arm/core/aarch32/cortex_m/libarch__arm__core__aarch32__cortex_m.a(fault.c.obj)
 .text.z_arm_fault
                0x0000000000003fec      0x224 zephyr/arch/arch/arm/core/aarch32/cortex_m/libarch__arm__core__aarch32__cortex_m.a(fault.c.obj)
                0x0000000000003fec                z_arm_fault
 .text.z_arm_fault_init
                0x0000000000004210       0x10 zephyr/arch/arch/arm/core/aarch32/cortex_m/libarch__arm__core__aarch32__cortex_m.a(fault.c.obj)
                0x0000000000004210                z_arm_fault_init
 .text.__fault  0x0000000000004220       0x14 zephyr/arch/arch/arm/core/aarch32/cortex_m/libarch__arm__core__aarch32__cortex_m.a(fault_s.S.obj)
                0x0000000000004220                z_arm_usage_fault
                0x0000000000004220                z_arm_mpu_fault
                0x0000000000004220                z_arm_exc_spurious
                0x0000000000004220                z_arm_debug_monitor
                0x0000000000004220                z_arm_hard_fault
                0x0000000000004220                z_arm_bus_fault
 .text.z_arm_interrupt_init
                0x0000000000004234       0x18 zephyr/arch/arch/arm/core/aarch32/cortex_m/libarch__arm__core__aarch32__cortex_m.a(irq_init.c.obj)
                0x0000000000004234                z_arm_interrupt_init
 .text._reset_section
                0x000000000000424c       0x54 zephyr/arch/arch/arm/core/aarch32/cortex_m/libarch__arm__core__aarch32__cortex_m.a(reset.S.obj)
                0x000000000000424c                __start
                0x000000000000424c                z_arm_reset
 .text.sys_arch_reboot
                0x00000000000042a0       0x24 zephyr/arch/arch/arm/core/aarch32/cortex_m/libarch__arm__core__aarch32__cortex_m.a(scb.c.obj)
                0x00000000000042a0                sys_arch_reboot
 .text.z_arm_clear_arm_mpu_config
                0x00000000000042c4       0x24 zephyr/arch/arch/arm/core/aarch32/cortex_m/libarch__arm__core__aarch32__cortex_m.a(scb.c.obj)
                0x00000000000042c4                z_arm_clear_arm_mpu_config
 .text.z_arm_init_arch_hw_at_boot
                0x00000000000042e8       0x64 zephyr/arch/arch/arm/core/aarch32/cortex_m/libarch__arm__core__aarch32__cortex_m.a(scb.c.obj)
                0x00000000000042e8                z_arm_init_arch_hw_at_boot
 .text.z_impl_k_thread_abort
                0x000000000000434c       0x2c zephyr/arch/arch/arm/core/aarch32/cortex_m/libarch__arm__core__aarch32__cortex_m.a(thread_abort.c.obj)
                0x000000000000434c                z_impl_k_thread_abort
 .text.z_arm_configure_static_mpu_regions
                0x0000000000004378       0x18 zephyr/arch/arch/arm/core/aarch32/mpu/libarch__arm__core__aarch32__mpu.a(arm_core_mpu.c.obj)
                0x0000000000004378                z_arm_configure_static_mpu_regions
 .text.z_arm_configure_dynamic_mpu_regions
                0x0000000000004390       0x20 zephyr/arch/arch/arm/core/aarch32/mpu/libarch__arm__core__aarch32__mpu.a(arm_core_mpu.c.obj)
                0x0000000000004390                z_arm_configure_dynamic_mpu_regions
 .text.mpu_configure_regions
                0x00000000000043b0       0xcc zephyr/arch/arch/arm/core/aarch32/mpu/libarch__arm__core__aarch32__mpu.a(arm_mpu.c.obj)
 .text.arm_core_mpu_enable
                0x000000000000447c       0x18 zephyr/arch/arch/arm/core/aarch32/mpu/libarch__arm__core__aarch32__mpu.a(arm_mpu.c.obj)
                0x000000000000447c                arm_core_mpu_enable
 .text.arm_core_mpu_disable
                0x0000000000004494       0x14 zephyr/arch/arch/arm/core/aarch32/mpu/libarch__arm__core__aarch32__mpu.a(arm_mpu.c.obj)
                0x0000000000004494                arm_core_mpu_disable
 .text.arm_core_mpu_configure_static_mpu_regions
                0x00000000000044a8       0x14 zephyr/arch/arch/arm/core/aarch32/mpu/libarch__arm__core__aarch32__mpu.a(arm_mpu.c.obj)
                0x00000000000044a8                arm_core_mpu_configure_static_mpu_regions
 .text.arm_core_mpu_configure_dynamic_mpu_regions
                0x00000000000044bc       0x30 zephyr/arch/arch/arm/core/aarch32/mpu/libarch__arm__core__aarch32__mpu.a(arm_mpu.c.obj)
                0x00000000000044bc                arm_core_mpu_configure_dynamic_mpu_regions
 .text.z_arm_mpu_init
                0x00000000000044ec       0x60 zephyr/arch/arch/arm/core/aarch32/mpu/libarch__arm__core__aarch32__mpu.a(arm_mpu.c.obj)
                0x00000000000044ec                z_arm_mpu_init
 .text.z_impl_zephyr_fputc
                0x000000000000454c       0x10 zephyr/lib/libc/picolibc/liblib__libc__picolibc.a(libc-hooks.c.obj)
                0x000000000000454c                z_impl_zephyr_fputc
 .text.__stdout_hook_install
                0x000000000000455c       0x18 zephyr/lib/libc/picolibc/liblib__libc__picolibc.a(libc-hooks.c.obj)
                0x000000000000455c                __stdout_hook_install
 .text.cbvprintf
                0x0000000000004574       0x38 zephyr/lib/libc/picolibc/liblib__libc__picolibc.a(libc-hooks.c.obj)
                0x0000000000004574                cbvprintf
 .text.__chk_fail
                0x00000000000045ac       0x18 zephyr/lib/libc/picolibc/liblib__libc__picolibc.a(libc-hooks.c.obj)
                0x00000000000045ac                __chk_fail
 .text.malloc_prepare
                0x00000000000045c4       0x24 zephyr/lib/libc/common/liblib__libc__common.a(malloc.c.obj)
 .text.nordicsemi_nrf52_init
                0x00000000000045e8       0x44 zephyr/soc/soc/arm/nordic_nrf/nrf52/libsoc__arm__nordic_nrf__nrf52.a(soc.c.obj)
 .text.arch_busy_wait
                0x000000000000462c       0x14 zephyr/soc/soc/arm/nordic_nrf/nrf52/libsoc__arm__nordic_nrf__nrf52.a(soc.c.obj)
                0x000000000000462c                arch_busy_wait
 .text.registry_find
                0x0000000000004640       0x2c zephyr/subsys/fs/libsubsys__fs.a(fs.c.obj)
 .text.fs_init  0x000000000000466c       0x1c zephyr/subsys/fs/libsubsys__fs.a(fs.c.obj)
 .text.k_mutex_lock.constprop.0.isra.0
                0x0000000000004688       0x10 zephyr/subsys/fs/libsubsys__fs.a(fs.c.obj)
 .text.k_mutex_unlock.constprop.0.isra.0
                0x0000000000004698        0xc zephyr/subsys/fs/libsubsys__fs.a(fs.c.obj)
 .text.fs_get_mnt_point
                0x00000000000046a4       0x90 zephyr/subsys/fs/libsubsys__fs.a(fs.c.obj)
 .text.fs_opendir
                0x0000000000004734      0x100 zephyr/subsys/fs/libsubsys__fs.a(fs.c.obj)
                0x0000000000004734                fs_opendir
 .text.fs_readdir
                0x0000000000004834      0x110 zephyr/subsys/fs/libsubsys__fs.a(fs.c.obj)
                0x0000000000004834                fs_readdir
 .text.fs_closedir
                0x0000000000004944       0x54 zephyr/subsys/fs/libsubsys__fs.a(fs.c.obj)
                0x0000000000004944                fs_closedir
 .text.fs_statvfs
                0x0000000000004998       0xac zephyr/subsys/fs/libsubsys__fs.a(fs.c.obj)
                0x0000000000004998                fs_statvfs
 .text.fs_mount
                0x0000000000004a44      0x1bc zephyr/subsys/fs/libsubsys__fs.a(fs.c.obj)
                0x0000000000004a44                fs_mount
 .text.fs_register
                0x0000000000004c00       0x50 zephyr/subsys/fs/libsubsys__fs.a(fs.c.obj)
                0x0000000000004c00                fs_register
 .text.translate_error
                0x0000000000004c50       0x14 zephyr/subsys/fs/libsubsys__fs.a(fat_fs.c.obj)
 .text.fatfs_init
                0x0000000000004c64        0xc zephyr/subsys/fs/libsubsys__fs.a(fat_fs.c.obj)
 .text.fatfs_mount
                0x0000000000004c70       0x74 zephyr/subsys/fs/libsubsys__fs.a(fat_fs.c.obj)
 .text.fatfs_closedir
                0x0000000000004ce4       0x24 zephyr/subsys/fs/libsubsys__fs.a(fat_fs.c.obj)
 .text.fatfs_close
                0x0000000000004d08       0x28 zephyr/subsys/fs/libsubsys__fs.a(fat_fs.c.obj)
 .text.fatfs_opendir
                0x0000000000004d30       0x50 zephyr/subsys/fs/libsubsys__fs.a(fat_fs.c.obj)
 .text.fatfs_open
                0x0000000000004d80       0x58 zephyr/subsys/fs/libsubsys__fs.a(fat_fs.c.obj)
 .text.sectors_in_range
                0x0000000000004dd8       0x5c zephyr/drivers/disk/libdrivers__disk.a(flashdisk.c.obj)
 .text.disk_flash_init
                0x0000000000004e34       0x5c zephyr/drivers/disk/libdrivers__disk.a(flashdisk.c.obj)
 .text.disk_flash_access_init
                0x0000000000004e90      0x230 zephyr/drivers/disk/libdrivers__disk.a(flashdisk.c.obj)
 .text.endpoint_ctx
                0x00000000000050c0       0x60 zephyr/drivers/usb/device/libdrivers__usb__device.a(usb_dc_nrfx.c.obj)
 .text.usbd_work_schedule
                0x0000000000005120       0x10 zephyr/drivers/usb/device/libdrivers__usb__device.a(usb_dc_nrfx.c.obj)
 .text.usbd_evt_put
                0x0000000000005130        0xc zephyr/drivers/usb/device/libdrivers__usb__device.a(usb_dc_nrfx.c.obj)
 .text.usbd_evt_get
                0x000000000000513c       0x10 zephyr/drivers/usb/device/libdrivers__usb__device.a(usb_dc_nrfx.c.obj)
 .text.usb_init
                0x000000000000514c       0x70 zephyr/drivers/usb/device/libdrivers__usb__device.a(usb_dc_nrfx.c.obj)
 .text.hfxo_stop.constprop.0.isra.0
                0x00000000000051bc       0x40 zephyr/drivers/usb/device/libdrivers__usb__device.a(usb_dc_nrfx.c.obj)
 .text.eps_ctx_init
                0x00000000000051fc       0x68 zephyr/drivers/usb/device/libdrivers__usb__device.a(usb_dc_nrfx.c.obj)
 .text.usbd_evt_flush
                0x0000000000005264       0x1c zephyr/drivers/usb/device/libdrivers__usb__device.a(usb_dc_nrfx.c.obj)
 .text.usbd_evt_alloc
                0x0000000000005280       0x78 zephyr/drivers/usb/device/libdrivers__usb__device.a(usb_dc_nrfx.c.obj)
 .text.usb_dc_power_event_handler
                0x00000000000052f8       0x5c zephyr/drivers/usb/device/libdrivers__usb__device.a(usb_dc_nrfx.c.obj)
 .text.usbd_event_transfer_data
                0x0000000000005354       0xe0 zephyr/drivers/usb/device/libdrivers__usb__device.a(usb_dc_nrfx.c.obj)
 .text.usbd_event_handler
                0x0000000000005434      0x170 zephyr/drivers/usb/device/libdrivers__usb__device.a(usb_dc_nrfx.c.obj)
 .text.usbd_work_handler
                0x00000000000055a4      0x3ac zephyr/drivers/usb/device/libdrivers__usb__device.a(usb_dc_nrfx.c.obj)
 .text.usb_dc_attach
                0x0000000000005950       0x64 zephyr/drivers/usb/device/libdrivers__usb__device.a(usb_dc_nrfx.c.obj)
                0x0000000000005950                usb_dc_attach
 .text.usb_dc_set_address
                0x00000000000059b4       0x24 zephyr/drivers/usb/device/libdrivers__usb__device.a(usb_dc_nrfx.c.obj)
                0x00000000000059b4                usb_dc_set_address
 .text.usb_dc_ep_check_cap
                0x00000000000059d8       0x54 zephyr/drivers/usb/device/libdrivers__usb__device.a(usb_dc_nrfx.c.obj)
                0x00000000000059d8                usb_dc_ep_check_cap
 .text.usb_dc_ep_configure
                0x0000000000005a2c       0x68 zephyr/drivers/usb/device/libdrivers__usb__device.a(usb_dc_nrfx.c.obj)
                0x0000000000005a2c                usb_dc_ep_configure
 .text.usb_dc_ep_set_stall
                0x0000000000005a94       0x74 zephyr/drivers/usb/device/libdrivers__usb__device.a(usb_dc_nrfx.c.obj)
                0x0000000000005a94                usb_dc_ep_set_stall
 .text.usb_dc_ep_clear_stall
                0x0000000000005b08       0x40 zephyr/drivers/usb/device/libdrivers__usb__device.a(usb_dc_nrfx.c.obj)
                0x0000000000005b08                usb_dc_ep_clear_stall
 .text.usb_dc_ep_is_stalled
                0x0000000000005b48       0x38 zephyr/drivers/usb/device/libdrivers__usb__device.a(usb_dc_nrfx.c.obj)
                0x0000000000005b48                usb_dc_ep_is_stalled
 .text.usb_dc_ep_enable
                0x0000000000005b80       0x54 zephyr/drivers/usb/device/libdrivers__usb__device.a(usb_dc_nrfx.c.obj)
                0x0000000000005b80                usb_dc_ep_enable
 .text.usb_dc_ep_write
                0x0000000000005bd4      0x144 zephyr/drivers/usb/device/libdrivers__usb__device.a(usb_dc_nrfx.c.obj)
                0x0000000000005bd4                usb_dc_ep_write
 .text.usb_dc_ep_read_wait
                0x0000000000005d18       0xcc zephyr/drivers/usb/device/libdrivers__usb__device.a(usb_dc_nrfx.c.obj)
                0x0000000000005d18                usb_dc_ep_read_wait
 .text.usb_dc_ep_read_continue
                0x0000000000005de4       0xb0 zephyr/drivers/usb/device/libdrivers__usb__device.a(usb_dc_nrfx.c.obj)
                0x0000000000005de4                usb_dc_ep_read_continue
 .text.usb_dc_ep_set_callback
                0x0000000000005e94       0x28 zephyr/drivers/usb/device/libdrivers__usb__device.a(usb_dc_nrfx.c.obj)
                0x0000000000005e94                usb_dc_ep_set_callback
 .text.usb_dc_set_status_callback
                0x0000000000005ebc        0xc zephyr/drivers/usb/device/libdrivers__usb__device.a(usb_dc_nrfx.c.obj)
                0x0000000000005ebc                usb_dc_set_status_callback
 .text.usb_dc_ep_mps
                0x0000000000005ec8       0x24 zephyr/drivers/usb/device/libdrivers__usb__device.a(usb_dc_nrfx.c.obj)
                0x0000000000005ec8                usb_dc_ep_mps
 .text.onoff_stop
                0x0000000000005eec       0x30 zephyr/drivers/clock_control/libdrivers__clock_control.a(clock_control_nrf.c.obj)
 .text.onoff_start
                0x0000000000005f1c       0x44 zephyr/drivers/clock_control/libdrivers__clock_control.a(clock_control_nrf.c.obj)
 .text.clk_init
                0x0000000000005f60       0x58 zephyr/drivers/clock_control/libdrivers__clock_control.a(clock_control_nrf.c.obj)
 .text.clkstarted_handle.constprop.0
                0x0000000000005fb8       0x34 zephyr/drivers/clock_control/libdrivers__clock_control.a(clock_control_nrf.c.obj)
 .text.clock_event_handler
                0x0000000000005fec       0x1c zephyr/drivers/clock_control/libdrivers__clock_control.a(clock_control_nrf.c.obj)
 .text.generic_hfclk_start
                0x0000000000006008       0x64 zephyr/drivers/clock_control/libdrivers__clock_control.a(clock_control_nrf.c.obj)
 .text.api_blocking_start
                0x000000000000606c       0x34 zephyr/drivers/clock_control/libdrivers__clock_control.a(clock_control_nrf.c.obj)
 .text.generic_hfclk_stop
                0x00000000000060a0       0x34 zephyr/drivers/clock_control/libdrivers__clock_control.a(clock_control_nrf.c.obj)
 .text.z_nrf_clock_control_get_onoff
                0x00000000000060d4       0x10 zephyr/drivers/clock_control/libdrivers__clock_control.a(clock_control_nrf.c.obj)
                0x00000000000060d4                z_nrf_clock_control_get_onoff
 .text.z_nrf_clock_control_lf_on
                0x00000000000060e4       0xfc zephyr/drivers/clock_control/libdrivers__clock_control.a(clock_control_nrf.c.obj)
                0x00000000000060e4                z_nrf_clock_control_lf_on
 .text.uart_console_init
                0x00000000000061e0       0x28 zephyr/drivers/console/libdrivers__console.a(uart_console.c.obj)
 .text.console_out
                0x0000000000006208       0x28 zephyr/drivers/console/libdrivers__console.a(uart_console.c.obj)
 .text.qspi_get_zephyr_ret_code
                0x0000000000006230       0x1c zephyr/drivers/flash/libdrivers__flash.a(nrf_qspi_nor.c.obj)
 .text.qspi_nor_pages_layout
                0x000000000000624c       0x10 zephyr/drivers/flash/libdrivers__flash.a(nrf_qspi_nor.c.obj)
 .text.qspi_flash_get_parameters
                0x000000000000625c        0x8 zephyr/drivers/flash/libdrivers__flash.a(nrf_qspi_nor.c.obj)
 .text.qspi_nor_erase.part.0
                0x0000000000006264       0x30 zephyr/drivers/flash/libdrivers__flash.a(nrf_qspi_nor.c.obj)
 .text.qspi_wait_for_completion.isra.0
                0x0000000000006294       0x1c zephyr/drivers/flash/libdrivers__flash.a(nrf_qspi_nor.c.obj)
 .text.qspi_send_cmd
                0x00000000000062b0       0x98 zephyr/drivers/flash/libdrivers__flash.a(nrf_qspi_nor.c.obj)
 .text.qspi_device_uninit
                0x0000000000006348       0x58 zephyr/drivers/flash/libdrivers__flash.a(nrf_qspi_nor.c.obj)
 .text.qspi_device_init
                0x00000000000063a0       0x50 zephyr/drivers/flash/libdrivers__flash.a(nrf_qspi_nor.c.obj)
 .text.qspi_nor_erase
                0x00000000000063f0      0x150 zephyr/drivers/flash/libdrivers__flash.a(nrf_qspi_nor.c.obj)
 .text.qspi_nor_init
                0x0000000000006540      0x1ec zephyr/drivers/flash/libdrivers__flash.a(nrf_qspi_nor.c.obj)
 .text.qspi_nor_write
                0x000000000000672c      0x150 zephyr/drivers/flash/libdrivers__flash.a(nrf_qspi_nor.c.obj)
 .text.qspi_nor_read
                0x000000000000687c      0x17c zephyr/drivers/flash/libdrivers__flash.a(nrf_qspi_nor.c.obj)
 .text.flash_nrf_pages_layout
                0x00000000000069f8       0x10 zephyr/drivers/flash/libdrivers__flash.a(soc_flash_nrf.c.obj)
 .text.flash_nrf_get_parameters
                0x0000000000006a08        0x8 zephyr/drivers/flash/libdrivers__flash.a(soc_flash_nrf.c.obj)
 .text.flash_nrf_read.part.0
                0x0000000000006a10       0x34 zephyr/drivers/flash/libdrivers__flash.a(soc_flash_nrf.c.obj)
 .text.nrf_flash_init
                0x0000000000006a44       0x28 zephyr/drivers/flash/libdrivers__flash.a(soc_flash_nrf.c.obj)
 .text.restore_pofwarn.part.0
                0x0000000000006a6c       0x2c zephyr/drivers/flash/libdrivers__flash.a(soc_flash_nrf.c.obj)
 .text.suspend_pofwarn
                0x0000000000006a98       0x58 zephyr/drivers/flash/libdrivers__flash.a(soc_flash_nrf.c.obj)
 .text.flash_nrf_erase
                0x0000000000006af0       0xd4 zephyr/drivers/flash/libdrivers__flash.a(soc_flash_nrf.c.obj)
 .text.flash_nrf_write
                0x0000000000006bc4       0xd8 zephyr/drivers/flash/libdrivers__flash.a(soc_flash_nrf.c.obj)
 .text.gpio_nrfx_pin_interrupt_configure
                0x0000000000006c9c       0xe4 zephyr/drivers/gpio/libdrivers__gpio.a(gpio_nrfx.c.obj)
 .text.gpio_nrfx_init
                0x0000000000006d80       0x38 zephyr/drivers/gpio/libdrivers__gpio.a(gpio_nrfx.c.obj)
 .text.nrfx_gpio_handler
                0x0000000000006db8       0x4c zephyr/drivers/gpio/libdrivers__gpio.a(gpio_nrfx.c.obj)
 .text.gpio_nrfx_pin_configure
                0x0000000000006e04      0x128 zephyr/drivers/gpio/libdrivers__gpio.a(gpio_nrfx.c.obj)
 .text.nrf_gpio_pin_port_decode
                0x0000000000006f2c       0x20 zephyr/drivers/pinctrl/libdrivers__pinctrl.a(pinctrl_nrf.c.obj)
 .text.pinctrl_configure_pins
                0x0000000000006f4c      0x190 zephyr/drivers/pinctrl/libdrivers__pinctrl.a(pinctrl_nrf.c.obj)
                0x0000000000006f4c                pinctrl_configure_pins
 .text.uarte_nrfx_configure
                0x00000000000070dc      0x168 zephyr/drivers/serial/libdrivers__serial.a(uart_nrfx_uarte.c.obj)
 .text.uarte_0_init
                0x0000000000007244      0x104 zephyr/drivers/serial/libdrivers__serial.a(uart_nrfx_uarte.c.obj)
 .text.uarte_nrfx_poll_out
                0x0000000000007348       0xcc zephyr/drivers/serial/libdrivers__serial.a(uart_nrfx_uarte.c.obj)
 .text.compare_int_lock
                0x0000000000007414       0x48 zephyr/drivers/timer/libdrivers__timer.a(nrf_rtc_timer.c.obj)
 .text.sys_clock_timeout_handler
                0x000000000000745c       0x48 zephyr/drivers/timer/libdrivers__timer.a(nrf_rtc_timer.c.obj)
 .text.compare_int_unlock
                0x00000000000074a4       0x5c zephyr/drivers/timer/libdrivers__timer.a(nrf_rtc_timer.c.obj)
 .text.z_nrf_rtc_timer_read
                0x0000000000007500       0x44 zephyr/drivers/timer/libdrivers__timer.a(nrf_rtc_timer.c.obj)
                0x0000000000007500                z_nrf_rtc_timer_read
 .text.compare_set
                0x0000000000007544      0x130 zephyr/drivers/timer/libdrivers__timer.a(nrf_rtc_timer.c.obj)
 .text.sys_clock_driver_init
                0x0000000000007674       0x90 zephyr/drivers/timer/libdrivers__timer.a(nrf_rtc_timer.c.obj)
 .text.rtc_nrf_isr
                0x0000000000007704       0xd4 zephyr/drivers/timer/libdrivers__timer.a(nrf_rtc_timer.c.obj)
                0x0000000000007704                rtc_nrf_isr
 .text.sys_clock_set_timeout
                0x00000000000077d8       0x68 zephyr/drivers/timer/libdrivers__timer.a(nrf_rtc_timer.c.obj)
                0x00000000000077d8                sys_clock_set_timeout
 .text.sys_clock_elapsed
                0x0000000000007840       0x14 zephyr/drivers/timer/libdrivers__timer.a(nrf_rtc_timer.c.obj)
                0x0000000000007840                sys_clock_elapsed
 .text.sys_clock_disable
                0x0000000000007854       0x30 zephyr/drivers/timer/libdrivers__timer.a(nrf_rtc_timer.c.obj)
                0x0000000000007854                sys_clock_disable
 .text.k_sys_fatal_error_handler
                0x0000000000007884       0x2c modules/nrf/lib/fatal_error/lib..__nrf__lib__fatal_error.a(fatal_error.c.obj)
                0x0000000000007884                k_sys_fatal_error_handler
 .text.get_ldnumber
                0x00000000000078b0       0x8c modules/fatfs/libmodules__fatfs.a(ff.c.obj)
 .text.check_fs
                0x000000000000793c       0xc0 modules/fatfs/libmodules__fatfs.a(ff.c.obj)
 .text.mount_volume
                0x00000000000079fc      0x228 modules/fatfs/libmodules__fatfs.a(ff.c.obj)
 .text.follow_path
                0x0000000000007c24      0x18c modules/fatfs/libmodules__fatfs.a(ff.c.obj)
 .text.f_mount  0x0000000000007db0       0x50 modules/fatfs/libmodules__fatfs.a(ff.c.obj)
                0x0000000000007db0                f_mount
 .text.f_mkfs   0x0000000000007e00      0x714 modules/fatfs/libmodules__fatfs.a(ff.c.obj)
                0x0000000000007e00                f_mkfs
 .text.disk_status
                0x0000000000008514       0x18 modules/fatfs/libmodules__fatfs.a(zfs_diskio.c.obj)
                0x0000000000008514                disk_status
 .text.disk_initialize
                0x000000000000852c       0x18 modules/fatfs/libmodules__fatfs.a(zfs_diskio.c.obj)
                0x000000000000852c                disk_initialize
 .text.disk_read
                0x0000000000008544       0x18 modules/fatfs/libmodules__fatfs.a(zfs_diskio.c.obj)
                0x0000000000008544                disk_read
 .text.disk_write
                0x000000000000855c       0x18 modules/fatfs/libmodules__fatfs.a(zfs_diskio.c.obj)
                0x000000000000855c                disk_write
 .text.disk_ioctl
                0x0000000000008574       0x5c modules/fatfs/libmodules__fatfs.a(zfs_diskio.c.obj)
                0x0000000000008574                disk_ioctl
 .text.nrf52_errata_98
                0x00000000000085d0       0x24 modules/hal_nordic/nrfx/libmodules__hal_nordic__nrfx.a(system_nrf52840.c.obj)
 .text.nvmc_wait
                0x00000000000085f4       0x10 modules/hal_nordic/nrfx/libmodules__hal_nordic__nrfx.a(system_nrf52840.c.obj)
                0x00000000000085f4                nvmc_wait
 .text.SystemInit
                0x0000000000008604      0x1bc modules/hal_nordic/nrfx/libmodules__hal_nordic__nrfx.a(system_nrf52840.c.obj)
                0x0000000000008604                SystemInit
 .text.nrfx_flag32_alloc
                0x00000000000087c0       0x48 modules/hal_nordic/nrfx/libmodules__hal_nordic__nrfx.a(nrfx_flag32_allocator.c.obj)
                0x00000000000087c0                nrfx_flag32_alloc
 .text.nrfx_flag32_free
                0x0000000000008808       0x40 modules/hal_nordic/nrfx/libmodules__hal_nordic__nrfx.a(nrfx_flag32_allocator.c.obj)
                0x0000000000008808                nrfx_flag32_free
 .text.nrfx_gppi_channels_enable
                0x0000000000008848        0xc modules/hal_nordic/nrfx/libmodules__hal_nordic__nrfx.a(nrfx_gppi_ppi.c.obj)
                0x0000000000008848                nrfx_gppi_channels_enable
 .text.clock_stop
                0x0000000000008854       0xc4 modules/hal_nordic/nrfx/libmodules__hal_nordic__nrfx.a(nrfx_clock.c.obj)
 .text.nrfx_clock_init
                0x0000000000008918       0x20 modules/hal_nordic/nrfx/libmodules__hal_nordic__nrfx.a(nrfx_clock.c.obj)
                0x0000000000008918                nrfx_clock_init
 .text.nrfx_clock_enable
                0x0000000000008938       0x24 modules/hal_nordic/nrfx/libmodules__hal_nordic__nrfx.a(nrfx_clock.c.obj)
                0x0000000000008938                nrfx_clock_enable
 .text.nrfx_clock_irq_handler
                0x000000000000895c       0x68 modules/hal_nordic/nrfx/libmodules__hal_nordic__nrfx.a(nrfx_clock.c.obj)
                0x000000000000895c                nrfx_clock_irq_handler
 .text.nrf_gpio_pin_port_decode
                0x00000000000089c4       0x20 modules/hal_nordic/nrfx/libmodules__hal_nordic__nrfx.a(nrfx_gpiote.c.obj)
 .text.get_pin_idx
                0x00000000000089e4       0x14 modules/hal_nordic/nrfx/libmodules__hal_nordic__nrfx.a(nrfx_gpiote.c.obj)
 .text.pin_in_use_by_te
                0x00000000000089f8       0x18 modules/hal_nordic/nrfx/libmodules__hal_nordic__nrfx.a(nrfx_gpiote.c.obj)
 .text.pin_is_output
                0x0000000000008a10       0x18 modules/hal_nordic/nrfx/libmodules__hal_nordic__nrfx.a(nrfx_gpiote.c.obj)
 .text.pin_te_get
                0x0000000000008a28       0x18 modules/hal_nordic/nrfx/libmodules__hal_nordic__nrfx.a(nrfx_gpiote.c.obj)
 .text.call_handler
                0x0000000000008a40       0x40 modules/hal_nordic/nrfx/libmodules__hal_nordic__nrfx.a(nrfx_gpiote.c.obj)
 .text.release_handler
                0x0000000000008a80       0x58 modules/hal_nordic/nrfx/libmodules__hal_nordic__nrfx.a(nrfx_gpiote.c.obj)
 .text.__nrfy_internal_gpiote_events_process.constprop.0
                0x0000000000008ad8       0x54 modules/hal_nordic/nrfx/libmodules__hal_nordic__nrfx.a(nrfx_gpiote.c.obj)
 .text.nrfx_gpiote_input_configure
                0x0000000000008b2c      0x180 modules/hal_nordic/nrfx/libmodules__hal_nordic__nrfx.a(nrfx_gpiote.c.obj)
                0x0000000000008b2c                nrfx_gpiote_input_configure
 .text.nrfx_gpiote_output_configure
                0x0000000000008cac       0xf4 modules/hal_nordic/nrfx/libmodules__hal_nordic__nrfx.a(nrfx_gpiote.c.obj)
                0x0000000000008cac                nrfx_gpiote_output_configure
 .text.nrfx_gpiote_global_callback_set
                0x0000000000008da0        0xc modules/hal_nordic/nrfx/libmodules__hal_nordic__nrfx.a(nrfx_gpiote.c.obj)
                0x0000000000008da0                nrfx_gpiote_global_callback_set
 .text.nrfx_gpiote_channel_get
                0x0000000000008dac       0x30 modules/hal_nordic/nrfx/libmodules__hal_nordic__nrfx.a(nrfx_gpiote.c.obj)
                0x0000000000008dac                nrfx_gpiote_channel_get
 .text.nrfx_gpiote_init
                0x0000000000008ddc       0x50 modules/hal_nordic/nrfx/libmodules__hal_nordic__nrfx.a(nrfx_gpiote.c.obj)
                0x0000000000008ddc                nrfx_gpiote_init
 .text.nrfx_gpiote_is_init
                0x0000000000008e2c       0x14 modules/hal_nordic/nrfx/libmodules__hal_nordic__nrfx.a(nrfx_gpiote.c.obj)
                0x0000000000008e2c                nrfx_gpiote_is_init
 .text.nrfx_gpiote_channel_free
                0x0000000000008e40        0xc modules/hal_nordic/nrfx/libmodules__hal_nordic__nrfx.a(nrfx_gpiote.c.obj)
                0x0000000000008e40                nrfx_gpiote_channel_free
 .text.nrfx_gpiote_channel_alloc
                0x0000000000008e4c        0xc modules/hal_nordic/nrfx/libmodules__hal_nordic__nrfx.a(nrfx_gpiote.c.obj)
                0x0000000000008e4c                nrfx_gpiote_channel_alloc
 .text.nrfx_gpiote_trigger_enable
                0x0000000000008e58       0x9c modules/hal_nordic/nrfx/libmodules__hal_nordic__nrfx.a(nrfx_gpiote.c.obj)
                0x0000000000008e58                nrfx_gpiote_trigger_enable
 .text.nrfx_gpiote_trigger_disable
                0x0000000000008ef4       0x4c modules/hal_nordic/nrfx/libmodules__hal_nordic__nrfx.a(nrfx_gpiote.c.obj)
                0x0000000000008ef4                nrfx_gpiote_trigger_disable
 .text.nrfx_gpiote_pin_uninit
                0x0000000000008f40       0x80 modules/hal_nordic/nrfx/libmodules__hal_nordic__nrfx.a(nrfx_gpiote.c.obj)
                0x0000000000008f40                nrfx_gpiote_pin_uninit
 .text.nrfx_gpiote_irq_handler
                0x0000000000008fc0      0x1a8 modules/hal_nordic/nrfx/libmodules__hal_nordic__nrfx.a(nrfx_gpiote.c.obj)
                0x0000000000008fc0                nrfx_gpiote_irq_handler
 .text.nvmc_word_write
                0x0000000000009168       0x18 modules/hal_nordic/nrfx/libmodules__hal_nordic__nrfx.a(nrfx_nvmc.c.obj)
 .text.nrfx_nvmc_page_erase
                0x0000000000009180       0x40 modules/hal_nordic/nrfx/libmodules__hal_nordic__nrfx.a(nrfx_nvmc.c.obj)
                0x0000000000009180                nrfx_nvmc_page_erase
 .text.nrfx_nvmc_word_write
                0x00000000000091c0       0x1c modules/hal_nordic/nrfx/libmodules__hal_nordic__nrfx.a(nrfx_nvmc.c.obj)
                0x00000000000091c0                nrfx_nvmc_word_write
 .text.nrfx_power_init
                0x00000000000091dc       0x74 modules/hal_nordic/nrfx/libmodules__hal_nordic__nrfx.a(nrfx_power.c.obj)
                0x00000000000091dc                nrfx_power_init
 .text.nrfx_power_usbevt_uninit
                0x0000000000009250       0x18 modules/hal_nordic/nrfx/libmodules__hal_nordic__nrfx.a(nrfx_power.c.obj)
                0x0000000000009250                nrfx_power_usbevt_uninit
 .text.nrfx_power_usbevt_init
                0x0000000000009268       0x14 modules/hal_nordic/nrfx/libmodules__hal_nordic__nrfx.a(nrfx_power.c.obj)
                0x0000000000009268                nrfx_power_usbevt_init
 .text.nrfx_power_irq_handler
                0x000000000000927c       0xa0 modules/hal_nordic/nrfx/libmodules__hal_nordic__nrfx.a(nrfx_power.c.obj)
                0x000000000000927c                nrfx_power_irq_handler
 .text.nrfx_ppi_channel_alloc
                0x000000000000931c        0xc modules/hal_nordic/nrfx/libmodules__hal_nordic__nrfx.a(nrfx_ppi.c.obj)
                0x000000000000931c                nrfx_ppi_channel_alloc
 .text.qspi_xfer
                0x0000000000009328       0xf8 modules/hal_nordic/nrfx/libmodules__hal_nordic__nrfx.a(nrfx_qspi.c.obj)
 .text.qspi_ready_wait
                0x0000000000009420       0x2c modules/hal_nordic/nrfx/libmodules__hal_nordic__nrfx.a(nrfx_qspi.c.obj)
 .text.qspi_event_xfer_handle.constprop.0
                0x000000000000944c       0x28 modules/hal_nordic/nrfx/libmodules__hal_nordic__nrfx.a(nrfx_qspi.c.obj)
 .text.nrf_gpio_cfg.constprop.0
                0x0000000000009474       0x44 modules/hal_nordic/nrfx/libmodules__hal_nordic__nrfx.a(nrfx_qspi.c.obj)
 .text.nrf_qspi_cinstrdata_get.constprop.0
                0x00000000000094b8       0x40 modules/hal_nordic/nrfx/libmodules__hal_nordic__nrfx.a(nrfx_qspi.c.obj)
 .text.nrf_qspi_cinstrdata_set.constprop.0
                0x00000000000094f8       0x64 modules/hal_nordic/nrfx/libmodules__hal_nordic__nrfx.a(nrfx_qspi.c.obj)
 .text.qspi_configure
                0x000000000000955c      0x150 modules/hal_nordic/nrfx/libmodules__hal_nordic__nrfx.a(nrfx_qspi.c.obj)
 .text.nrfx_qspi_init
                0x00000000000096ac       0x58 modules/hal_nordic/nrfx/libmodules__hal_nordic__nrfx.a(nrfx_qspi.c.obj)
                0x00000000000096ac                nrfx_qspi_init
 .text.nrfx_qspi_cinstr_xfer
                0x0000000000009704       0x98 modules/hal_nordic/nrfx/libmodules__hal_nordic__nrfx.a(nrfx_qspi.c.obj)
                0x0000000000009704                nrfx_qspi_cinstr_xfer
 .text.nrfx_qspi_mem_busy_check
                0x000000000000979c       0x44 modules/hal_nordic/nrfx/libmodules__hal_nordic__nrfx.a(nrfx_qspi.c.obj)
                0x000000000000979c                nrfx_qspi_mem_busy_check
 .text.nrfx_qspi_uninit
                0x00000000000097e0       0xac modules/hal_nordic/nrfx/libmodules__hal_nordic__nrfx.a(nrfx_qspi.c.obj)
                0x00000000000097e0                nrfx_qspi_uninit
 .text.nrfx_qspi_erase
                0x000000000000988c       0x64 modules/hal_nordic/nrfx/libmodules__hal_nordic__nrfx.a(nrfx_qspi.c.obj)
                0x000000000000988c                nrfx_qspi_erase
 .text.nrfx_qspi_irq_handler
                0x00000000000098f0       0x68 modules/hal_nordic/nrfx/libmodules__hal_nordic__nrfx.a(nrfx_qspi.c.obj)
                0x00000000000098f0                nrfx_qspi_irq_handler
 .text.nrf52_errata_187
                0x0000000000009958       0x28 modules/hal_nordic/nrfx/libmodules__hal_nordic__nrfx.a(nrfx_usbd.c.obj)
 .text.ep_state_access
                0x0000000000009980       0x1c modules/hal_nordic/nrfx/libmodules__hal_nordic__nrfx.a(nrfx_usbd.c.obj)
 .text.ev_usbreset_handler
                0x000000000000999c       0x2c modules/hal_nordic/nrfx/libmodules__hal_nordic__nrfx.a(nrfx_usbd.c.obj)
 .text.ev_usbevent_handler
                0x00000000000099c8       0x74 modules/hal_nordic/nrfx/libmodules__hal_nordic__nrfx.a(nrfx_usbd.c.obj)
 .text.usbd_errata_187_211_begin
                0x0000000000009a3c       0x40 modules/hal_nordic/nrfx/libmodules__hal_nordic__nrfx.a(nrfx_usbd.c.obj)
 .text.usbd_errata_187_211_end
                0x0000000000009a7c       0x40 modules/hal_nordic/nrfx/libmodules__hal_nordic__nrfx.a(nrfx_usbd.c.obj)
 .text.nrfx_usbd_feeder_flash
                0x0000000000009abc       0x38 modules/hal_nordic/nrfx/libmodules__hal_nordic__nrfx.a(nrfx_usbd.c.obj)
                0x0000000000009abc                nrfx_usbd_feeder_flash
 .text.nrfx_usbd_feeder_flash_zlp
                0x0000000000009af4       0x40 modules/hal_nordic/nrfx/libmodules__hal_nordic__nrfx.a(nrfx_usbd.c.obj)
                0x0000000000009af4                nrfx_usbd_feeder_flash_zlp
 .text.ev_sof_handler
                0x0000000000009b34       0x44 modules/hal_nordic/nrfx/libmodules__hal_nordic__nrfx.a(nrfx_usbd.c.obj)
 .text.atomic_and.constprop.0.isra.0
                0x0000000000009b78       0x20 modules/hal_nordic/nrfx/libmodules__hal_nordic__nrfx.a(nrfx_usbd.c.obj)
 .text.usbd_dma_pending_clear
                0x0000000000009b98       0x24 modules/hal_nordic/nrfx/libmodules__hal_nordic__nrfx.a(nrfx_usbd.c.obj)
 .text.nrf_usbd_ep0in_dma_handler
                0x0000000000009bbc       0x2c modules/hal_nordic/nrfx/libmodules__hal_nordic__nrfx.a(nrfx_usbd.c.obj)
 .text.usbd_ep_data_handler
                0x0000000000009be8       0x8c modules/hal_nordic/nrfx/libmodules__hal_nordic__nrfx.a(nrfx_usbd.c.obj)
 .text.ev_setup_data_handler
                0x0000000000009c74       0x1c modules/hal_nordic/nrfx/libmodules__hal_nordic__nrfx.a(nrfx_usbd.c.obj)
 .text.ev_dma_epout8_handler
                0x0000000000009c90       0x40 modules/hal_nordic/nrfx/libmodules__hal_nordic__nrfx.a(nrfx_usbd.c.obj)
 .text.ev_dma_epin8_handler
                0x0000000000009cd0       0x50 modules/hal_nordic/nrfx/libmodules__hal_nordic__nrfx.a(nrfx_usbd.c.obj)
 .text.nrfx_usbd_uninit
                0x0000000000009d20       0x14 modules/hal_nordic/nrfx/libmodules__hal_nordic__nrfx.a(nrfx_usbd.c.obj)
                0x0000000000009d20                nrfx_usbd_uninit
 .text.nrfx_usbd_enable
                0x0000000000009d34      0x158 modules/hal_nordic/nrfx/libmodules__hal_nordic__nrfx.a(nrfx_usbd.c.obj)
                0x0000000000009d34                nrfx_usbd_enable
 .text.nrfx_usbd_start
                0x0000000000009e8c       0x3c modules/hal_nordic/nrfx/libmodules__hal_nordic__nrfx.a(nrfx_usbd.c.obj)
                0x0000000000009e8c                nrfx_usbd_start
 .text.nrfx_usbd_is_enabled
                0x0000000000009ec8       0x14 modules/hal_nordic/nrfx/libmodules__hal_nordic__nrfx.a(nrfx_usbd.c.obj)
                0x0000000000009ec8                nrfx_usbd_is_enabled
 .text.nrfx_usbd_suspend
                0x0000000000009edc       0x58 modules/hal_nordic/nrfx/libmodules__hal_nordic__nrfx.a(nrfx_usbd.c.obj)
                0x0000000000009edc                nrfx_usbd_suspend
 .text.nrfx_usbd_init
                0x0000000000009f34       0x84 modules/hal_nordic/nrfx/libmodules__hal_nordic__nrfx.a(nrfx_usbd.c.obj)
                0x0000000000009f34                nrfx_usbd_init
 .text.nrfx_usbd_ep_transfer
                0x0000000000009fb8       0xf4 modules/hal_nordic/nrfx/libmodules__hal_nordic__nrfx.a(nrfx_usbd.c.obj)
                0x0000000000009fb8                nrfx_usbd_ep_transfer
 .text.nrfx_usbd_epout_size_get
                0x000000000000a0ac       0x28 modules/hal_nordic/nrfx/libmodules__hal_nordic__nrfx.a(nrfx_usbd.c.obj)
                0x000000000000a0ac                nrfx_usbd_epout_size_get
 .text.usbd_dmareq_process
                0x000000000000a0d4      0x1c0 modules/hal_nordic/nrfx/libmodules__hal_nordic__nrfx.a(nrfx_usbd.c.obj)
 .text.ev_epdata_handler
                0x000000000000a294       0x44 modules/hal_nordic/nrfx/libmodules__hal_nordic__nrfx.a(nrfx_usbd.c.obj)
 .text.nrf_usbd_epout_dma_handler
                0x000000000000a2d8       0x64 modules/hal_nordic/nrfx/libmodules__hal_nordic__nrfx.a(nrfx_usbd.c.obj)
 .text.nrfx_usbd_ep_stall
                0x000000000000a33c       0x10 modules/hal_nordic/nrfx/libmodules__hal_nordic__nrfx.a(nrfx_usbd.c.obj)
                0x000000000000a33c                nrfx_usbd_ep_stall
 .text.nrfx_usbd_ep_stall_check
                0x000000000000a34c       0x34 modules/hal_nordic/nrfx/libmodules__hal_nordic__nrfx.a(nrfx_usbd.c.obj)
                0x000000000000a34c                nrfx_usbd_ep_stall_check
 .text.nrfx_usbd_ep_dtoggle_clear
                0x000000000000a380       0x18 modules/hal_nordic/nrfx/libmodules__hal_nordic__nrfx.a(nrfx_usbd.c.obj)
                0x000000000000a380                nrfx_usbd_ep_dtoggle_clear
 .text.nrfx_usbd_setup_get
                0x000000000000a398       0x44 modules/hal_nordic/nrfx/libmodules__hal_nordic__nrfx.a(nrfx_usbd.c.obj)
                0x000000000000a398                nrfx_usbd_setup_get
 .text.nrfx_usbd_setup_data_clear
                0x000000000000a3dc       0x10 modules/hal_nordic/nrfx/libmodules__hal_nordic__nrfx.a(nrfx_usbd.c.obj)
                0x000000000000a3dc                nrfx_usbd_setup_data_clear
 .text.ev_dma_epout0_handler
                0x000000000000a3ec       0x50 modules/hal_nordic/nrfx/libmodules__hal_nordic__nrfx.a(nrfx_usbd.c.obj)
 .text.nrfx_usbd_setup_clear
                0x000000000000a43c       0x10 modules/hal_nordic/nrfx/libmodules__hal_nordic__nrfx.a(nrfx_usbd.c.obj)
                0x000000000000a43c                nrfx_usbd_setup_clear
 .text.nrfx_usbd_setup_stall
                0x000000000000a44c       0x10 modules/hal_nordic/nrfx/libmodules__hal_nordic__nrfx.a(nrfx_usbd.c.obj)
                0x000000000000a44c                nrfx_usbd_setup_stall
 .text.nrfx_usbd_last_setup_dir_get
                0x000000000000a45c        0xc modules/hal_nordic/nrfx/libmodules__hal_nordic__nrfx.a(nrfx_usbd.c.obj)
                0x000000000000a45c                nrfx_usbd_last_setup_dir_get
 .text.nrfx_usbd_transfer_out_drop
                0x000000000000a468       0x54 modules/hal_nordic/nrfx/libmodules__hal_nordic__nrfx.a(nrfx_usbd.c.obj)
                0x000000000000a468                nrfx_usbd_transfer_out_drop
 .text.usbd_ep_abort
                0x000000000000a4bc       0xf4 modules/hal_nordic/nrfx/libmodules__hal_nordic__nrfx.a(nrfx_usbd.c.obj)
 .text.ev_setup_handler
                0x000000000000a5b0       0x68 modules/hal_nordic/nrfx/libmodules__hal_nordic__nrfx.a(nrfx_usbd.c.obj)
 .text.nrfx_usbd_irq_handler
                0x000000000000a618       0x7c modules/hal_nordic/nrfx/libmodules__hal_nordic__nrfx.a(nrfx_usbd.c.obj)
                0x000000000000a618                nrfx_usbd_irq_handler
 .text.nrfx_usbd_stop
                0x000000000000a694       0x80 modules/hal_nordic/nrfx/libmodules__hal_nordic__nrfx.a(nrfx_usbd.c.obj)
                0x000000000000a694                nrfx_usbd_stop
 .text.nrfx_usbd_disable
                0x000000000000a714       0x60 modules/hal_nordic/nrfx/libmodules__hal_nordic__nrfx.a(nrfx_usbd.c.obj)
                0x000000000000a714                nrfx_usbd_disable
 .text.nrfx_usbd_ep_disable
                0x000000000000a774       0x58 modules/hal_nordic/nrfx/libmodules__hal_nordic__nrfx.a(nrfx_usbd.c.obj)
                0x000000000000a774                nrfx_usbd_ep_disable
 .text.nrfx_usbd_ep_enable
                0x000000000000a7cc       0xa8 modules/hal_nordic/nrfx/libmodules__hal_nordic__nrfx.a(nrfx_usbd.c.obj)
                0x000000000000a7cc                nrfx_usbd_ep_enable
 .text.nrfx_usbd_ep_stall_clear
                0x000000000000a874       0x20 modules/hal_nordic/nrfx/libmodules__hal_nordic__nrfx.a(nrfx_usbd.c.obj)
                0x000000000000a874                nrfx_usbd_ep_stall_clear
 .text._DoInit  0x000000000000a894       0x60 modules/segger/libmodules__segger.a(SEGGER_RTT.c.obj)
 .text.SEGGER_RTT_WriteSkipNoLock
                0x000000000000a8f4       0x88 modules/segger/libmodules__segger.a(SEGGER_RTT.c.obj)
                0x000000000000a8f4                SEGGER_RTT_WriteSkipNoLock
 .text.SEGGER_RTT_HasDataUp
                0x000000000000a97c       0x14 modules/segger/libmodules__segger.a(SEGGER_RTT.c.obj)
                0x000000000000a97c                SEGGER_RTT_HasDataUp
 .text.zephyr_rtt_mutex_lock
                0x000000000000a990       0x14 modules/segger/libmodules__segger.a(SEGGER_RTT_zephyr.c.obj)
                0x000000000000a990                zephyr_rtt_mutex_lock
 .text.zephyr_rtt_mutex_unlock
                0x000000000000a9a4        0xc modules/segger/libmodules__segger.a(SEGGER_RTT_zephyr.c.obj)
                0x000000000000a9a4                zephyr_rtt_mutex_unlock
 .text.z_fatal_error
                0x000000000000a9b0      0x100 zephyr/kernel/libkernel.a(fatal.c.obj)
                0x000000000000a9b0                z_fatal_error
 .text.z_sys_init_run_level
                0x000000000000aab0       0x48 zephyr/kernel/libkernel.a(init.c.obj)
 .text.bg_thread_main
                0x000000000000aaf8       0x34 zephyr/kernel/libkernel.a(init.c.obj)
 .text.z_bss_zero
                0x000000000000ab2c       0x18 zephyr/kernel/libkernel.a(init.c.obj)
                0x000000000000ab2c                z_bss_zero
 .text.z_init_cpu
                0x000000000000ab44       0x8c zephyr/kernel/libkernel.a(init.c.obj)
                0x000000000000ab44                z_init_cpu
 .text.z_cstart
                0x000000000000abd0       0xe0 zephyr/kernel/libkernel.a(init.c.obj)
                0x000000000000abd0                z_cstart
 .text.init_mem_slab_module
                0x000000000000acb0       0x24 zephyr/kernel/libkernel.a(mem_slab.c.obj)
 .text.k_mem_slab_alloc
                0x000000000000acd4       0x5c zephyr/kernel/libkernel.a(mem_slab.c.obj)
                0x000000000000acd4                k_mem_slab_alloc
 .text.z_setup_new_thread
                0x000000000000ad30       0x80 zephyr/kernel/libkernel.a(thread.c.obj)
                0x000000000000ad30                z_setup_new_thread
 .text.z_impl_k_thread_create
                0x000000000000adb0       0x58 zephyr/kernel/libkernel.a(thread.c.obj)
                0x000000000000adb0                z_impl_k_thread_create
 .text.z_init_static_threads
                0x000000000000ae08       0xb8 zephyr/kernel/libkernel.a(thread.c.obj)
                0x000000000000ae08                z_init_static_threads
 .text.z_impl_k_mutex_lock
                0x000000000000aec0       0xf4 zephyr/kernel/libkernel.a(mutex.c.obj)
                0x000000000000aec0                z_impl_k_mutex_lock
 .text.z_impl_k_mutex_unlock
                0x000000000000afb4       0x78 zephyr/kernel/libkernel.a(mutex.c.obj)
                0x000000000000afb4                z_impl_k_mutex_unlock
 .text.z_impl_k_queue_get
                0x000000000000b02c       0x68 zephyr/kernel/libkernel.a(queue.c.obj)
                0x000000000000b02c                z_impl_k_queue_get
 .text.z_impl_k_sem_give
                0x000000000000b094       0x48 zephyr/kernel/libkernel.a(sem.c.obj)
                0x000000000000b094                z_impl_k_sem_give
 .text.z_impl_k_sem_take
                0x000000000000b0dc       0x50 zephyr/kernel/libkernel.a(sem.c.obj)
                0x000000000000b0dc                z_impl_k_sem_take
 .text.k_sys_work_q_init
                0x000000000000b12c       0x34 zephyr/kernel/libkernel.a(system_work_q.c.obj)
 .text.work_queue_main
                0x000000000000b160      0x138 zephyr/kernel/libkernel.a(work.c.obj)
 .text.submit_to_queue_locked
                0x000000000000b298       0xb4 zephyr/kernel/libkernel.a(work.c.obj)
 .text.k_work_queue_start
                0x000000000000b34c       0x70 zephyr/kernel/libkernel.a(work.c.obj)
                0x000000000000b34c                k_work_queue_start
 .text.sliceable
                0x000000000000b3bc       0x3c zephyr/kernel/libkernel.a(sched.c.obj)
 .text.slice_timeout
                0x000000000000b3f8       0x20 zephyr/kernel/libkernel.a(sched.c.obj)
 .text.z_reset_time_slice
                0x000000000000b418       0x50 zephyr/kernel/libkernel.a(sched.c.obj)
                0x000000000000b418                z_reset_time_slice
 .text.update_cache
                0x000000000000b468       0x3c zephyr/kernel/libkernel.a(sched.c.obj)
 .text.move_thread_to_end_of_prio_q
                0x000000000000b4a4       0x74 zephyr/kernel/libkernel.a(sched.c.obj)
 .text.ready_thread
                0x000000000000b518       0x68 zephyr/kernel/libkernel.a(sched.c.obj)
 .text.unready_thread
                0x000000000000b580       0x30 zephyr/kernel/libkernel.a(sched.c.obj)
 .text.pend_locked
                0x000000000000b5b0       0x30 zephyr/kernel/libkernel.a(sched.c.obj)
 .text.z_time_slice
                0x000000000000b5e0       0x60 zephyr/kernel/libkernel.a(sched.c.obj)
                0x000000000000b5e0                z_time_slice
 .text.z_pend_curr
                0x000000000000b640       0x3c zephyr/kernel/libkernel.a(sched.c.obj)
                0x000000000000b640                z_pend_curr
 .text.z_set_prio
                0x000000000000b67c       0x8c zephyr/kernel/libkernel.a(sched.c.obj)
                0x000000000000b67c                z_set_prio
 .text.z_reschedule
                0x000000000000b708       0x24 zephyr/kernel/libkernel.a(sched.c.obj)
                0x000000000000b708                z_reschedule
 .text.z_sched_start
                0x000000000000b72c       0x3c zephyr/kernel/libkernel.a(sched.c.obj)
                0x000000000000b72c                z_sched_start
 .text.z_impl_k_thread_suspend
                0x000000000000b768       0x64 zephyr/kernel/libkernel.a(sched.c.obj)
                0x000000000000b768                z_impl_k_thread_suspend
 .text.k_sched_lock
                0x000000000000b7cc       0x28 zephyr/kernel/libkernel.a(sched.c.obj)
                0x000000000000b7cc                k_sched_lock
 .text.k_sched_unlock
                0x000000000000b7f4       0x38 zephyr/kernel/libkernel.a(sched.c.obj)
                0x000000000000b7f4                k_sched_unlock
 .text.z_sched_init
                0x000000000000b82c       0x10 zephyr/kernel/libkernel.a(sched.c.obj)
                0x000000000000b82c                z_sched_init
 .text.z_impl_k_yield
                0x000000000000b83c       0x7c zephyr/kernel/libkernel.a(sched.c.obj)
                0x000000000000b83c                z_impl_k_yield
 .text.z_tick_sleep
                0x000000000000b8b8       0x88 zephyr/kernel/libkernel.a(sched.c.obj)
 .text.z_impl_k_sleep
                0x000000000000b940       0x34 zephyr/kernel/libkernel.a(sched.c.obj)
                0x000000000000b940                z_impl_k_sleep
 .text.z_impl_k_usleep
                0x000000000000b974       0x34 zephyr/kernel/libkernel.a(sched.c.obj)
                0x000000000000b974                z_impl_k_usleep
 .text.z_impl_z_current_get
                0x000000000000b9a8        0xc zephyr/kernel/libkernel.a(sched.c.obj)
                0x000000000000b9a8                z_impl_z_current_get
 .text.z_thread_abort
                0x000000000000b9b4       0xc0 zephyr/kernel/libkernel.a(sched.c.obj)
                0x000000000000b9b4                z_thread_abort
 .text.z_sched_wait
                0x000000000000ba74       0x24 zephyr/kernel/libkernel.a(sched.c.obj)
                0x000000000000ba74                z_sched_wait
 .text.z_data_copy
                0x000000000000ba98       0x34 zephyr/kernel/libkernel.a(xip.c.obj)
                0x000000000000ba98                z_data_copy
 .text.elapsed  0x000000000000bacc       0x14 zephyr/kernel/libkernel.a(timeout.c.obj)
 .text.next_timeout
                0x000000000000bae0       0x40 zephyr/kernel/libkernel.a(timeout.c.obj)
 .text.remove_timeout
                0x000000000000bb20       0x38 zephyr/kernel/libkernel.a(timeout.c.obj)
 .text.z_add_timeout
                0x000000000000bb58       0xec zephyr/kernel/libkernel.a(timeout.c.obj)
                0x000000000000bb58                z_add_timeout
 .text.sys_clock_announce
                0x000000000000bc44       0xd4 zephyr/kernel/libkernel.a(timeout.c.obj)
                0x000000000000bc44                sys_clock_announce
 .text.sys_clock_tick_get
                0x000000000000bd18       0x34 zephyr/kernel/libkernel.a(timeout.c.obj)
                0x000000000000bd18                sys_clock_tick_get
 .text.z_timer_expiration_handler
                0x000000000000bd4c       0xe4 zephyr/kernel/libkernel.a(timer.c.obj)
                0x000000000000bd4c                z_timer_expiration_handler
 .text.z_impl_k_timer_start
                0x000000000000be30       0x60 zephyr/kernel/libkernel.a(timer.c.obj)
                0x000000000000be30                z_impl_k_timer_start
 .text.z_thread_aligned_alloc
                0x000000000000be90       0x40 zephyr/kernel/libkernel.a(mempool.c.obj)
                0x000000000000be90                z_thread_aligned_alloc
 .text.boot_banner
                0x000000000000bed0        0xc zephyr/kernel/libkernel.a(banner.c.obj)
                0x000000000000bed0                boot_banner
 .text.statics_init
                0x000000000000bedc       0x24 zephyr/kernel/libkernel.a(kheap.c.obj)
 .text.nrf_cc3xx_platform_init_no_rng
                0x000000000000bf00       0x38 C:/ncs/v2.5.0/nrfxlib/crypto/nrf_cc310_platform/lib/cortex-m4/soft-float/no-interrupts/libnrf_cc310_platform_0.9.18.a(nrf_cc3xx_platform.c.obj)
                0x000000000000bf00                nrf_cc3xx_platform_init_no_rng
 .text.nrf_cc3xx_platform_abort
                0x000000000000bf38       0x24 C:/ncs/v2.5.0/nrfxlib/crypto/nrf_cc310_platform/lib/cortex-m4/soft-float/no-interrupts/libnrf_cc310_platform_0.9.18.a(nrf_cc3xx_platform_abort.c.obj)
 .text.CC_PalAbort
                0x000000000000bf5c       0x34 C:/ncs/v2.5.0/nrfxlib/crypto/nrf_cc310_platform/lib/cortex-m4/soft-float/no-interrupts/libnrf_cc310_platform_0.9.18.a(nrf_cc3xx_platform_abort.c.obj)
                0x000000000000bf5c                CC_PalAbort
 .text.nrf_cc3xx_platform_set_abort
                0x000000000000bf90       0x10 C:/ncs/v2.5.0/nrfxlib/crypto/nrf_cc310_platform/lib/cortex-m4/soft-float/no-interrupts/libnrf_cc310_platform_0.9.18.a(nrf_cc3xx_platform_abort.c.obj)
                0x000000000000bf90                nrf_cc3xx_platform_set_abort
 .text.mutex_free
                0x000000000000bfa0       0x34 C:/ncs/v2.5.0/nrfxlib/crypto/nrf_cc310_platform/lib/cortex-m4/soft-float/no-interrupts/libnrf_cc310_platform_0.9.18.a(nrf_cc3xx_platform_mutex.c.obj)
 .text.mutex_lock
                0x000000000000bfd4       0x48 C:/ncs/v2.5.0/nrfxlib/crypto/nrf_cc310_platform/lib/cortex-m4/soft-float/no-interrupts/libnrf_cc310_platform_0.9.18.a(nrf_cc3xx_platform_mutex.c.obj)
 .text.mutex_unlock
                0x000000000000c01c       0x38 C:/ncs/v2.5.0/nrfxlib/crypto/nrf_cc310_platform/lib/cortex-m4/soft-float/no-interrupts/libnrf_cc310_platform_0.9.18.a(nrf_cc3xx_platform_mutex.c.obj)
 .text.mutex_init
                0x000000000000c054       0x20 C:/ncs/v2.5.0/nrfxlib/crypto/nrf_cc310_platform/lib/cortex-m4/soft-float/no-interrupts/libnrf_cc310_platform_0.9.18.a(nrf_cc3xx_platform_mutex.c.obj)
 .text.nrf_cc3xx_platform_set_mutexes
                0x000000000000c074       0x74 C:/ncs/v2.5.0/nrfxlib/crypto/nrf_cc310_platform/lib/cortex-m4/soft-float/no-interrupts/libnrf_cc310_platform_0.9.18.a(nrf_cc3xx_platform_mutex.c.obj)
                0x000000000000c074                nrf_cc3xx_platform_set_mutexes
 .text.CC_LibInitNoRng
                0x000000000000c0e8       0x64 C:/ncs/v2.5.0/nrfxlib/crypto/nrf_cc310_platform/lib/cortex-m4/soft-float/no-interrupts/libnrf_cc310_platform_0.9.18.a(cc_lib.c.obj)
                0x000000000000c0e8                CC_LibInitNoRng
 .text.CC_HalInit
                0x000000000000c14c        0x4 C:/ncs/v2.5.0/nrfxlib/crypto/nrf_cc310_platform/lib/cortex-m4/soft-float/no-interrupts/libnrf_cc310_platform_0.9.18.a(cc_hal.c.obj)
                0x000000000000c14c                CC_HalInit
 .text.CC_HalTerminate
                0x000000000000c150        0x4 C:/ncs/v2.5.0/nrfxlib/crypto/nrf_cc310_platform/lib/cortex-m4/soft-float/no-interrupts/libnrf_cc310_platform_0.9.18.a(cc_hal.c.obj)
                0x000000000000c150                CC_HalTerminate
 .text.CC_HalMaskInterrupt
                0x000000000000c154        0xc C:/ncs/v2.5.0/nrfxlib/crypto/nrf_cc310_platform/lib/cortex-m4/soft-float/no-interrupts/libnrf_cc310_platform_0.9.18.a(cc_hal.c.obj)
                0x000000000000c154                CC_HalMaskInterrupt
 .text.CC_PalInit
                0x000000000000c160       0x5c C:/ncs/v2.5.0/nrfxlib/crypto/nrf_cc310_platform/lib/cortex-m4/soft-float/no-interrupts/libnrf_cc310_platform_0.9.18.a(cc_pal.c.obj)
                0x000000000000c160                CC_PalInit
 .text.CC_PalTerminate
                0x000000000000c1bc       0x34 C:/ncs/v2.5.0/nrfxlib/crypto/nrf_cc310_platform/lib/cortex-m4/soft-float/no-interrupts/libnrf_cc310_platform_0.9.18.a(cc_pal.c.obj)
                0x000000000000c1bc                CC_PalTerminate
 .text.CC_PalDmaInit
                0x000000000000c1f0        0x4 C:/ncs/v2.5.0/nrfxlib/crypto/nrf_cc310_platform/lib/cortex-m4/soft-float/no-interrupts/libnrf_cc310_platform_0.9.18.a(cc_pal_dma.c.obj)
                0x000000000000c1f0                CC_PalDmaInit
 .text.CC_PalDmaTerminate
                0x000000000000c1f4        0x4 C:/ncs/v2.5.0/nrfxlib/crypto/nrf_cc310_platform/lib/cortex-m4/soft-float/no-interrupts/libnrf_cc310_platform_0.9.18.a(cc_pal_dma.c.obj)
                0x000000000000c1f4                CC_PalDmaTerminate
 .text.CC_PalMutexCreate
                0x000000000000c1f8       0x14 C:/ncs/v2.5.0/nrfxlib/crypto/nrf_cc310_platform/lib/cortex-m4/soft-float/no-interrupts/libnrf_cc310_platform_0.9.18.a(cc_pal_mutex.c.obj)
                0x000000000000c1f8                CC_PalMutexCreate
 .text.CC_PalMutexDestroy
                0x000000000000c20c       0x14 C:/ncs/v2.5.0/nrfxlib/crypto/nrf_cc310_platform/lib/cortex-m4/soft-float/no-interrupts/libnrf_cc310_platform_0.9.18.a(cc_pal_mutex.c.obj)
                0x000000000000c20c                CC_PalMutexDestroy
 .text.CC_PalPowerSaveModeInit
                0x000000000000c220       0x3c C:/ncs/v2.5.0/nrfxlib/crypto/nrf_cc310_platform/lib/cortex-m4/soft-float/no-interrupts/libnrf_cc310_platform_0.9.18.a(cc_pal_pm.c.obj)
                0x000000000000c220                CC_PalPowerSaveModeInit
 .text.CC_PalPowerSaveModeSelect
                0x000000000000c25c       0x84 C:/ncs/v2.5.0/nrfxlib/crypto/nrf_cc310_platform/lib/cortex-m4/soft-float/no-interrupts/libnrf_cc310_platform_0.9.18.a(cc_pal_pm.c.obj)
                0x000000000000c25c                CC_PalPowerSaveModeSelect
 .text.snprintf
                0x000000000000c2e0       0x58 c:\ncs\toolchains\c57af46cb7\opt\zephyr-sdk\arm-zephyr-eabi\bin\../lib/gcc/../../picolibc/arm-zephyr-eabi/lib/thumb/v7e-m/nofp\libc.a(libc_tinystdio_snprintf.c.o)
                0x000000000000c2e0                snprintf
 .text.__i_vfprintf
                0x000000000000c338      0x490 c:\ncs\toolchains\c57af46cb7\opt\zephyr-sdk\arm-zephyr-eabi\bin\../lib/gcc/../../picolibc/arm-zephyr-eabi/lib/thumb/v7e-m/nofp\libc.a(libc_tinystdio_vfiprintf.c.o)
                0x000000000000c338                __i_vfprintf
 .text.cbpprintf_external
                0x000000000000c7c8       0x62 zephyr/libzephyr.a(cbprintf_packaged.c.obj)
                0x000000000000c7c8                cbpprintf_external
 .text.is_ptr   0x000000000000c82a       0x4a zephyr/libzephyr.a(cbprintf_packaged.c.obj)
                0x000000000000c82a                is_ptr
 .text.arch_printk_char_out
                0x000000000000c874        0x4 zephyr/libzephyr.a(printk.c.obj)
                0x000000000000c874                arch_printk_char_out
 .text.printk   0x000000000000c878       0x1a zephyr/libzephyr.a(printk.c.obj)
                0x000000000000c878                printk
 .text.chunk_field
                0x000000000000c892       0x16 zephyr/libzephyr.a(heap.c.obj)
 .text.chunk_set
                0x000000000000c8a8       0x16 zephyr/libzephyr.a(heap.c.obj)
 .text.chunk_size
                0x000000000000c8be        0xc zephyr/libzephyr.a(heap.c.obj)
 .text.set_chunk_used
                0x000000000000c8ca       0x30 zephyr/libzephyr.a(heap.c.obj)
 .text.set_chunk_size
                0x000000000000c8fa        0x8 zephyr/libzephyr.a(heap.c.obj)
 .text.mem_to_chunkid
                0x000000000000c902       0x14 zephyr/libzephyr.a(heap.c.obj)
 .text.bucket_idx.isra.0
                0x000000000000c916       0x1c zephyr/libzephyr.a(heap.c.obj)
 .text.free_list_remove_bidx
                0x000000000000c932       0x5c zephyr/libzephyr.a(heap.c.obj)
 .text.free_list_remove
                0x000000000000c98e       0x2e zephyr/libzephyr.a(heap.c.obj)
 .text.alloc_chunk
                0x000000000000c9bc       0x74 zephyr/libzephyr.a(heap.c.obj)
 .text.split_chunks
                0x000000000000ca30       0x4e zephyr/libzephyr.a(heap.c.obj)
 .text.merge_chunks
                0x000000000000ca7e       0x3c zephyr/libzephyr.a(heap.c.obj)
 .text.free_list_add
                0x000000000000caba       0x84 zephyr/libzephyr.a(heap.c.obj)
 .text.free_chunk
                0x000000000000cb3e       0x84 zephyr/libzephyr.a(heap.c.obj)
 .text.sys_heap_free
                0x000000000000cbc2       0x24 zephyr/libzephyr.a(heap.c.obj)
                0x000000000000cbc2                sys_heap_free
 .text.sys_heap_alloc
                0x000000000000cbe6       0x6e zephyr/libzephyr.a(heap.c.obj)
                0x000000000000cbe6                sys_heap_alloc
 .text.sys_heap_aligned_alloc
                0x000000000000cc54       0xe8 zephyr/libzephyr.a(heap.c.obj)
                0x000000000000cc54                sys_heap_aligned_alloc
 .text.sys_heap_init
                0x000000000000cd3c       0xb0 zephyr/libzephyr.a(heap.c.obj)
                0x000000000000cd3c                sys_heap_init
 .text.sys_slist_find_and_remove
                0x000000000000cdec       0x36 zephyr/libzephyr.a(onoff.c.obj)
 .text.process_recheck
                0x000000000000ce22       0x38 zephyr/libzephyr.a(onoff.c.obj)
 .text.validate_args
                0x000000000000ce5a       0x20 zephyr/libzephyr.a(onoff.c.obj)
 .text.notify_one
                0x000000000000ce7a       0x2c zephyr/libzephyr.a(onoff.c.obj)
 .text.transition_complete
                0x000000000000cea6       0x1c zephyr/libzephyr.a(onoff.c.obj)
 .text.onoff_manager_init
                0x000000000000cec2       0x26 zephyr/libzephyr.a(onoff.c.obj)
                0x000000000000cec2                onoff_manager_init
 .text.onoff_request
                0x000000000000cee8       0xb0 zephyr/libzephyr.a(onoff.c.obj)
                0x000000000000cee8                onoff_request
 .text.onoff_release
                0x000000000000cf98       0x4a zephyr/libzephyr.a(onoff.c.obj)
                0x000000000000cf98                onoff_release
 .text.onoff_cancel
                0x000000000000cfe2       0x38 zephyr/libzephyr.a(onoff.c.obj)
                0x000000000000cfe2                onoff_cancel
 .text.sys_notify_validate
                0x000000000000d01a       0x22 zephyr/libzephyr.a(notify.c.obj)
                0x000000000000d01a                sys_notify_validate
 .text.sys_notify_finalize
                0x000000000000d03c       0x1a zephyr/libzephyr.a(notify.c.obj)
                0x000000000000d03c                sys_notify_finalize
 .text.free_space
                0x000000000000d056       0x26 zephyr/libzephyr.a(mpsc_pbuf.c.obj)
 .text.get_usage
                0x000000000000d07c       0x22 zephyr/libzephyr.a(mpsc_pbuf.c.obj)
 .text.idx_inc  0x000000000000d09e       0x1c zephyr/libzephyr.a(mpsc_pbuf.c.obj)
 .text.rd_idx_inc
                0x000000000000d0ba       0x18 zephyr/libzephyr.a(mpsc_pbuf.c.obj)
 .text.add_skip_item
                0x000000000000d0d2       0x3a zephyr/libzephyr.a(mpsc_pbuf.c.obj)
 .text.drop_item_locked
                0x000000000000d10c       0xee zephyr/libzephyr.a(mpsc_pbuf.c.obj)
 .text.post_drop_action
                0x000000000000d1fa       0x36 zephyr/libzephyr.a(mpsc_pbuf.c.obj)
 .text.max_utilization_update
                0x000000000000d230       0x1a zephyr/libzephyr.a(mpsc_pbuf.c.obj)
 .text.mpsc_pbuf_init
                0x000000000000d24a       0x42 zephyr/libzephyr.a(mpsc_pbuf.c.obj)
                0x000000000000d24a                mpsc_pbuf_init
 .text.mpsc_pbuf_alloc
                0x000000000000d28c       0xfc zephyr/libzephyr.a(mpsc_pbuf.c.obj)
                0x000000000000d28c                mpsc_pbuf_alloc
 .text.mpsc_pbuf_commit
                0x000000000000d388       0x40 zephyr/libzephyr.a(mpsc_pbuf.c.obj)
                0x000000000000d388                mpsc_pbuf_commit
 .text.mpsc_pbuf_claim
                0x000000000000d3c8       0xa4 zephyr/libzephyr.a(mpsc_pbuf.c.obj)
                0x000000000000d3c8                mpsc_pbuf_claim
 .text.mpsc_pbuf_free
                0x000000000000d46c       0x78 zephyr/libzephyr.a(mpsc_pbuf.c.obj)
                0x000000000000d46c                mpsc_pbuf_free
 .text.mpsc_pbuf_is_pending
                0x000000000000d4e4       0x1a zephyr/libzephyr.a(mpsc_pbuf.c.obj)
                0x000000000000d4e4                mpsc_pbuf_is_pending
 .text._ConfigAbsSyms
                0x000000000000d4fe        0x2 zephyr/libzephyr.a(configs.c.obj)
                0x000000000000d4fe                _ConfigAbsSyms
 .text.log_msg_generic_get_wlen
                0x000000000000d500       0x20 zephyr/libzephyr.a(log_core.c.obj)
 .text.dummy_timestamp
                0x000000000000d520        0x4 zephyr/libzephyr.a(log_core.c.obj)
 .text.default_get_timestamp
                0x000000000000d524        0x4 zephyr/libzephyr.a(log_core.c.obj)
 .text.atomic_inc
                0x000000000000d528       0x1a zephyr/libzephyr.a(log_core.c.obj)
 .text.z_log_vprintk
                0x000000000000d542       0x1c zephyr/libzephyr.a(log_core.c.obj)
                0x000000000000d542                z_log_vprintk
 .text.z_log_notify_drop
                0x000000000000d55e        0x6 zephyr/libzephyr.a(log_core.c.obj)
 .text.z_log_get_tag
                0x000000000000d564        0x4 zephyr/libzephyr.a(log_core.c.obj)
                0x000000000000d564                z_log_get_tag
 .text.z_cbprintf_cpy
                0x000000000000d568       0x2c zephyr/libzephyr.a(log_msg.c.obj)
 .text.z_log_msg_finalize
                0x000000000000d594       0x32 zephyr/libzephyr.a(log_msg.c.obj)
                0x000000000000d594                z_log_msg_finalize
 .text.buffer_write
                0x000000000000d5c6       0x1a zephyr/libzephyr.a(log_output.c.obj)
 .text.log_output_flush
                0x000000000000d5e0       0x1a zephyr/libzephyr.a(log_output.c.obj)
                0x000000000000d5e0                log_output_flush
 .text.out_func
                0x000000000000d5fa       0x36 zephyr/libzephyr.a(log_output.c.obj)
 .text.cr_out_func
                0x000000000000d630       0x1c zephyr/libzephyr.a(log_output.c.obj)
 .text.log_backend_uart_init
                0x000000000000d64c        0x2 zephyr/libzephyr.a(log_backend_uart.c.obj)
 .text.flash_area_close
                0x000000000000d64e        0x2 zephyr/libzephyr.a(flash_map.c.obj)
                0x000000000000d64e                flash_area_close
 .text.flash_area_get_device
                0x000000000000d650        0x4 zephyr/libzephyr.a(flash_map.c.obj)
                0x000000000000d650                flash_area_get_device
 .text.get_ep_bm_from_addr
                0x000000000000d654       0x1c zephyr/libzephyr.a(usb_device.c.obj)
 .text.usb_write
                0x000000000000d670       0x30 zephyr/libzephyr.a(usb_device.c.obj)
                0x000000000000d670                usb_write
 .text.usb_ep_set_stall
                0x000000000000d6a0        0x4 zephyr/libzephyr.a(usb_device.c.obj)
                0x000000000000d6a0                usb_ep_set_stall
 .text.usb_ep_read_wait
                0x000000000000d6a4        0x4 zephyr/libzephyr.a(usb_device.c.obj)
                0x000000000000d6a4                usb_ep_read_wait
 .text.usb_ep_read_continue
                0x000000000000d6a8        0x4 zephyr/libzephyr.a(usb_device.c.obj)
                0x000000000000d6a8                usb_ep_read_continue
 .text.z_log_msg_static_create.constprop.0
                0x000000000000d6ac        0x6 zephyr/libzephyr.a(msc.c.obj)
 .text.disk_access_init
                0x000000000000d6b2       0x1c zephyr/libzephyr.a(disk_access.c.obj)
                0x000000000000d6b2                disk_access_init
 .text.disk_access_status
                0x000000000000d6ce       0x1c zephyr/libzephyr.a(disk_access.c.obj)
                0x000000000000d6ce                disk_access_status
 .text.disk_access_read
                0x000000000000d6ea       0x2e zephyr/libzephyr.a(disk_access.c.obj)
                0x000000000000d6ea                disk_access_read
 .text.disk_access_write
                0x000000000000d718       0x2e zephyr/libzephyr.a(disk_access.c.obj)
                0x000000000000d718                disk_access_write
 .text.disk_access_ioctl
                0x000000000000d746       0x24 zephyr/libzephyr.a(disk_access.c.obj)
                0x000000000000d746                disk_access_ioctl
 .text.abort_function
                0x000000000000d76a        0x8 zephyr/libzephyr.a(nrf_cc3xx_platform_abort_zephyr.c.obj)
 .text.z_do_kernel_oops
                0x000000000000d772        0x8 zephyr/arch/arch/arm/core/aarch32/libarch__arm__core__aarch32.a(fatal.c.obj)
                0x000000000000d772                z_do_kernel_oops
 .text.z_irq_spurious
                0x000000000000d77a        0x8 zephyr/arch/arch/arm/core/aarch32/libarch__arm__core__aarch32.a(irq_manage.c.obj)
                0x000000000000d77a                z_irq_spurious
 .text.z_arm_nmi
                0x000000000000d782        0xe zephyr/arch/arch/arm/core/aarch32/libarch__arm__core__aarch32.a(nmi.c.obj)
                0x000000000000d782                z_arm_nmi
 .text.z_log_msg_static_create.constprop.0
                0x000000000000d790        0x6 zephyr/arch/arch/arm/core/aarch32/cortex_m/libarch__arm__core__aarch32__cortex_m.a(fault.c.obj)
 .text.cbputc   0x000000000000d796        0xc zephyr/lib/libc/picolibc/liblib__libc__picolibc.a(libc-hooks.c.obj)
 .text.picolibc_put
                0x000000000000d7a2        0xa zephyr/lib/libc/picolibc/liblib__libc__picolibc.a(libc-hooks.c.obj)
 .text.z_log_msg_static_create.constprop.0
                0x000000000000d7ac        0x6 zephyr/subsys/fs/libsubsys__fs.a(fs.c.obj)
 .text.fatfs_tell
                0x000000000000d7b2        0x6 zephyr/subsys/fs/libsubsys__fs.a(fat_fs.c.obj)
 .text.fatfs_mkdir
                0x000000000000d7b8       0x10 zephyr/subsys/fs/libsubsys__fs.a(fat_fs.c.obj)
 .text.fatfs_unlink
                0x000000000000d7c8       0x10 zephyr/subsys/fs/libsubsys__fs.a(fat_fs.c.obj)
 .text.fatfs_rename
                0x000000000000d7d8       0x2e zephyr/subsys/fs/libsubsys__fs.a(fat_fs.c.obj)
 .text.fatfs_unmount
                0x000000000000d806       0x16 zephyr/subsys/fs/libsubsys__fs.a(fat_fs.c.obj)
 .text.fatfs_sync
                0x000000000000d81c       0x10 zephyr/subsys/fs/libsubsys__fs.a(fat_fs.c.obj)
 .text.fatfs_seek
                0x000000000000d82c       0x38 zephyr/subsys/fs/libsubsys__fs.a(fat_fs.c.obj)
 .text.fatfs_truncate
                0x000000000000d864       0x56 zephyr/subsys/fs/libsubsys__fs.a(fat_fs.c.obj)
 .text.fatfs_write
                0x000000000000d8ba       0x38 zephyr/subsys/fs/libsubsys__fs.a(fat_fs.c.obj)
 .text.fatfs_read
                0x000000000000d8f2       0x1e zephyr/subsys/fs/libsubsys__fs.a(fat_fs.c.obj)
 .text.fatfs_stat
                0x000000000000d910       0x3a zephyr/subsys/fs/libsubsys__fs.a(fat_fs.c.obj)
 .text.fatfs_readdir
                0x000000000000d94a       0x3a zephyr/subsys/fs/libsubsys__fs.a(fat_fs.c.obj)
 .text.fatfs_statvfs